../Core/Src/syscalls (2).c:44:6:initialise_monitor_handles	4	static
../Core/Src/syscalls (2).c:48:5:_getpid	4	static
../Core/Src/syscalls (2).c:53:5:_kill	16	static
../Core/Src/syscalls (2).c:59:6:_exit	16	static
../Core/Src/syscalls (2).c:65:27:_read	32	static
../Core/Src/syscalls (2).c:77:27:_write	32	static
../Core/Src/syscalls (2).c:88:5:_close	16	static
../Core/Src/syscalls (2).c:94:5:_fstat	16	static
../Core/Src/syscalls (2).c:100:5:_isatty	16	static
../Core/Src/syscalls (2).c:105:5:_lseek	24	static
../Core/Src/syscalls (2).c:110:5:_open	12	static
../Core/Src/syscalls (2).c:116:5:_wait	16	static
../Core/Src/syscalls (2).c:122:5:_unlink	16	static
../Core/Src/syscalls (2).c:128:5:_times	16	static
../Core/Src/syscalls (2).c:133:5:_stat	16	static
../Core/Src/syscalls (2).c:139:5:_link	16	static
../Core/Src/syscalls (2).c:145:5:_fork	8	static
../Core/Src/syscalls (2).c:151:5:_execve	24	static
