../Core/Src/stm32f1xx_it (2).c:69:6:NMI_Handler	4	static
../Core/Src/stm32f1xx_it (2).c:84:6:HardFault_Handler	4	static
../Core/Src/stm32f1xx_it (2).c:99:6:MemManage_Handler	4	static
../Core/Src/stm32f1xx_it (2).c:114:6:BusFault_Handler	4	static
../Core/Src/stm32f1xx_it (2).c:129:6:UsageFault_Handler	4	static
../Core/Src/stm32f1xx_it (2).c:144:6:SVC_Handler	4	static
../Core/Src/stm32f1xx_it (2).c:157:6:DebugMon_Handler	4	static
../Core/Src/stm32f1xx_it (2).c:170:6:PendSV_Handler	4	static
../Core/Src/stm32f1xx_it (2).c:183:6:SysTick_Handler	8	static
../Core/Src/stm32f1xx_it (2).c:204:6:EXTI15_10_IRQHandler	8	static
