Archive member included to satisfy reference by file (symbol)

e:/stmicroelectronics/stm32cubeide_1.9.0/stm32cubeide/plugins/com.st.stm32cube.ide.mcu.externaltools.gnu-tools-for-stm32.10.3-2021.10.win32_1.0.0.202111181127/tools/bin/../lib/gcc/arm-none-eabi/10.3.1/../../../../arm-none-eabi/lib/thumb/v7-m/nofp\libc_nano.a(lib_a-errno.o)
                              ./Core/Src/syscalls.o (__errno)
e:/stmicroelectronics/stm32cubeide_1.9.0/stm32cubeide/plugins/com.st.stm32cube.ide.mcu.externaltools.gnu-tools-for-stm32.10.3-2021.10.win32_1.0.0.202111181127/tools/bin/../lib/gcc/arm-none-eabi/10.3.1/../../../../arm-none-eabi/lib/thumb/v7-m/nofp\libc_nano.a(lib_a-exit.o)
                              e:/stmicroelectronics/stm32cubeide_1.9.0/stm32cubeide/plugins/com.st.stm32cube.ide.mcu.externaltools.gnu-tools-for-stm32.10.3-2021.10.win32_1.0.0.202111181127/tools/bin/../lib/gcc/arm-none-eabi/10.3.1/../../../../arm-none-eabi/lib/thumb/v7-m/nofp/crt0.o (exit)
e:/stmicroelectronics/stm32cubeide_1.9.0/stm32cubeide/plugins/com.st.stm32cube.ide.mcu.externaltools.gnu-tools-for-stm32.10.3-2021.10.win32_1.0.0.202111181127/tools/bin/../lib/gcc/arm-none-eabi/10.3.1/../../../../arm-none-eabi/lib/thumb/v7-m/nofp\libc_nano.a(lib_a-impure.o)
                              e:/stmicroelectronics/stm32cubeide_1.9.0/stm32cubeide/plugins/com.st.stm32cube.ide.mcu.externaltools.gnu-tools-for-stm32.10.3-2021.10.win32_1.0.0.202111181127/tools/bin/../lib/gcc/arm-none-eabi/10.3.1/../../../../arm-none-eabi/lib/thumb/v7-m/nofp\libc_nano.a(lib_a-exit.o) (_global_impure_ptr)
e:/stmicroelectronics/stm32cubeide_1.9.0/stm32cubeide/plugins/com.st.stm32cube.ide.mcu.externaltools.gnu-tools-for-stm32.10.3-2021.10.win32_1.0.0.202111181127/tools/bin/../lib/gcc/arm-none-eabi/10.3.1/../../../../arm-none-eabi/lib/thumb/v7-m/nofp\libc_nano.a(lib_a-init.o)
                              e:/stmicroelectronics/stm32cubeide_1.9.0/stm32cubeide/plugins/com.st.stm32cube.ide.mcu.externaltools.gnu-tools-for-stm32.10.3-2021.10.win32_1.0.0.202111181127/tools/bin/../lib/gcc/arm-none-eabi/10.3.1/../../../../arm-none-eabi/lib/thumb/v7-m/nofp/crt0.o (__libc_init_array)
e:/stmicroelectronics/stm32cubeide_1.9.0/stm32cubeide/plugins/com.st.stm32cube.ide.mcu.externaltools.gnu-tools-for-stm32.10.3-2021.10.win32_1.0.0.202111181127/tools/bin/../lib/gcc/arm-none-eabi/10.3.1/../../../../arm-none-eabi/lib/thumb/v7-m/nofp\libc_nano.a(lib_a-memset.o)
                              e:/stmicroelectronics/stm32cubeide_1.9.0/stm32cubeide/plugins/com.st.stm32cube.ide.mcu.externaltools.gnu-tools-for-stm32.10.3-2021.10.win32_1.0.0.202111181127/tools/bin/../lib/gcc/arm-none-eabi/10.3.1/../../../../arm-none-eabi/lib/thumb/v7-m/nofp/crt0.o (memset)
e:/stmicroelectronics/stm32cubeide_1.9.0/stm32cubeide/plugins/com.st.stm32cube.ide.mcu.externaltools.gnu-tools-for-stm32.10.3-2021.10.win32_1.0.0.202111181127/tools/bin/../lib/gcc/arm-none-eabi/10.3.1/../../../../arm-none-eabi/lib/thumb/v7-m/nofp\libc_nano.a(lib_a-sprintf.o)
                              ./Core/Src/main.o (sprintf)
e:/stmicroelectronics/stm32cubeide_1.9.0/stm32cubeide/plugins/com.st.stm32cube.ide.mcu.externaltools.gnu-tools-for-stm32.10.3-2021.10.win32_1.0.0.202111181127/tools/bin/../lib/gcc/arm-none-eabi/10.3.1/../../../../arm-none-eabi/lib/thumb/v7-m/nofp\libc_nano.a(lib_a-nano-svfprintf.o)
                              e:/stmicroelectronics/stm32cubeide_1.9.0/stm32cubeide/plugins/com.st.stm32cube.ide.mcu.externaltools.gnu-tools-for-stm32.10.3-2021.10.win32_1.0.0.202111181127/tools/bin/../lib/gcc/arm-none-eabi/10.3.1/../../../../arm-none-eabi/lib/thumb/v7-m/nofp\libc_nano.a(lib_a-sprintf.o) (_svfprintf_r)
e:/stmicroelectronics/stm32cubeide_1.9.0/stm32cubeide/plugins/com.st.stm32cube.ide.mcu.externaltools.gnu-tools-for-stm32.10.3-2021.10.win32_1.0.0.202111181127/tools/bin/../lib/gcc/arm-none-eabi/10.3.1/../../../../arm-none-eabi/lib/thumb/v7-m/nofp\libc_nano.a(lib_a-nano-vfprintf_i.o)
                              e:/stmicroelectronics/stm32cubeide_1.9.0/stm32cubeide/plugins/com.st.stm32cube.ide.mcu.externaltools.gnu-tools-for-stm32.10.3-2021.10.win32_1.0.0.202111181127/tools/bin/../lib/gcc/arm-none-eabi/10.3.1/../../../../arm-none-eabi/lib/thumb/v7-m/nofp\libc_nano.a(lib_a-nano-svfprintf.o) (_printf_i)
e:/stmicroelectronics/stm32cubeide_1.9.0/stm32cubeide/plugins/com.st.stm32cube.ide.mcu.externaltools.gnu-tools-for-stm32.10.3-2021.10.win32_1.0.0.202111181127/tools/bin/../lib/gcc/arm-none-eabi/10.3.1/../../../../arm-none-eabi/lib/thumb/v7-m/nofp\libc_nano.a(lib_a-memchr-stub.o)
                              e:/stmicroelectronics/stm32cubeide_1.9.0/stm32cubeide/plugins/com.st.stm32cube.ide.mcu.externaltools.gnu-tools-for-stm32.10.3-2021.10.win32_1.0.0.202111181127/tools/bin/../lib/gcc/arm-none-eabi/10.3.1/../../../../arm-none-eabi/lib/thumb/v7-m/nofp\libc_nano.a(lib_a-nano-svfprintf.o) (memchr)
[...]
Memory Configuration

Name             Origin             Length             Attributes
RAM              0x0000000020000000 0x0000000000010000 xrw
FLASH            0x0000000008000000 0x0000000000080000 xr
*default*        0x0000000000000000 0xffffffffffffffff

Linker script and memory map

LOAD e:/stmicroelectronics/stm32cubeide_1.9.0/stm32cubeide/plugins/com.st.stm32cube.ide.mcu.externaltools.gnu-tools-for-stm32.10.3-2021.10.win32_1.0.0.202111181127/tools/bin/../lib/gcc/arm-none-eabi/10.3.1/thumb/v7-m/nofp/crti.o
LOAD e:/stmicroelectronics/stm32cubeide_1.9.0/stm32cubeide/plugins/com.st.stm32cube.ide.mcu.externaltools.gnu-tools-for-stm32.10.3-2021.10.win32_1.0.0.202111181127/tools/bin/../lib/gcc/arm-none-eabi/10.3.1/thumb/v7-m/nofp/crtbegin.o
LOAD e:/stmicroelectronics/stm32cubeide_1.9.0/stm32cubeide/plugins/com.st.stm32cube.ide.mcu.externaltools.gnu-tools-for-stm32.10.3-2021.10.win32_1.0.0.202111181127/tools/bin/../lib/gcc/arm-none-eabi/10.3.1/../../../../arm-none-eabi/lib/thumb/v7-m/nofp/crt0.o
LOAD ./Core/Src/lcd.o
LOAD ./Core/Src/main.o
LOAD ./Core/Src/stm32f1xx_hal_msp.o
LOAD ./Core/Src/stm32f1xx_it.o
LOAD ./Core/Src/syscalls.o
LOAD ./Core/Src/sysmem.o
LOAD ./Core/Src/system_stm32f1xx.o
LOAD ./Core/Startup/startup_stm32f103vetx.o
LOAD ./Drivers/STM32F1xx_HAL_Driver/Src/stm32f1xx_hal.o
LOAD ./Drivers/STM32F1xx_HAL_Driver/Src/stm32f1xx_hal_adc.o
LOAD ./Drivers/STM32F1xx_HAL_Driver/Src/stm32f1xx_hal_adc_ex.o
LOAD ./Drivers/STM32F1xx_HAL_Driver/Src/stm32f1xx_hal_cortex.o
LOAD ./Drivers/STM32F1xx_HAL_Driver/Src/stm32f1xx_hal_dma.o
LOAD ./Drivers/STM32F1xx_HAL_Driver/Src/stm32f1xx_hal_exti.o
LOAD ./Drivers/STM32F1xx_HAL_Driver/Src/stm32f1xx_hal_flash.o
LOAD ./Drivers/STM32F1xx_HAL_Driver/Src/stm32f1xx_hal_flash_ex.o
LOAD ./Drivers/STM32F1xx_HAL_Driver/Src/stm32f1xx_hal_gpio.o
LOAD ./Drivers/STM32F1xx_HAL_Driver/Src/stm32f1xx_hal_gpio_ex.o
LOAD ./Drivers/STM32F1xx_HAL_Driver/Src/stm32f1xx_hal_pwr.o
LOAD ./Drivers/STM32F1xx_HAL_Driver/Src/stm32f1xx_hal_rcc.o
LOAD ./Drivers/STM32F1xx_HAL_Driver/Src/stm32f1xx_hal_rcc_ex.o
LOAD ./Drivers/STM32F1xx_HAL_Driver/Src/stm32f1xx_hal_sram.o
LOAD ./Drivers/STM32F1xx_HAL_Driver/Src/stm32f1xx_hal_tim.o
LOAD ./Drivers/STM32F1xx_HAL_Driver/Src/stm32f1xx_hal_tim_ex.o
LOAD ./Drivers/STM32F1xx_HAL_Driver/Src/stm32f1xx_ll_fsmc.o
START GROUP
LOAD e:/stmicroelectronics/stm32cubeide_1.9.0/stm32cubeide/plugins/com.st.stm32cube.ide.mcu.externaltools.gnu-tools-for-stm32.10.3-2021.10.win32_1.0.0.202111181127/tools/bin/../lib/gcc/arm-none-eabi/10.3.1/../../../../arm-none-eabi/lib/thumb/v7-m/nofp\libc_nano.a
LOAD e:/stmicroelectronics/stm32cubeide_1.9.0/stm32cubeide/plugins/com.st.stm32cube.ide.mcu.externaltools.gnu-tools-for-stm32.10.3-2021.10.win32_1.0.0.202111181127/tools/bin/../lib/gcc/arm-none-eabi/10.3.1/../../../../arm-none-eabi/lib/thumb/v7-m/nofp\libm.a
END GROUP
START GROUP
LOAD e:/stmicroelectronics/stm32cubeide_1.9.0/stm32cubeide/plugins/com.st.stm32cube.ide.mcu.externaltools.gnu-tools-for-stm32.10.3-2021.10.win32_1.0.0.202111181127/tools/bin/../lib/gcc/arm-none-eabi/10.3.1/thumb/v7-m/nofp\libgcc.a
LOAD e:/stmicroelectronics/stm32cubeide_1.9.0/stm32cubeide/plugins/com.st.stm32cube.ide.mcu.externaltools.gnu-tools-for-stm32.10.3-2021.10.win32_1.0.0.202111181127/tools/bin/../lib/gcc/arm-none-eabi/10.3.1/../../../../arm-none-eabi/lib/thumb/v7-m/nofp\libc_nano.a
END GROUP
START GROUP
LOAD e:/stmicroelectronics/stm32cubeide_1.9.0/stm32cubeide/plugins/com.st.stm32cube.ide.mcu.externaltools.gnu-tools-for-stm32.10.3-2021.10.win32_1.0.0.202111181127/tools/bin/../lib/gcc/arm-none-eabi/10.3.1/thumb/v7-m/nofp\libgcc.a
LOAD e:/stmicroelectronics/stm32cubeide_1.9.0/stm32cubeide/plugins/com.st.stm32cube.ide.mcu.externaltools.gnu-tools-for-stm32.10.3-2021.10.win32_1.0.0.202111181127/tools/bin/../lib/gcc/arm-none-eabi/10.3.1/../../../../arm-none-eabi/lib/thumb/v7-m/nofp\libc_nano.a
LOAD e:/stmicroelectronics/stm32cubeide_1.9.0/stm32cubeide/plugins/com.st.stm32cube.ide.mcu.externaltools.gnu-tools-for-stm32.10.3-2021.10.win32_1.0.0.202111181127/tools/bin/../lib/gcc/arm-none-eabi/10.3.1/../../../../arm-none-eabi/lib/thumb/v7-m/nofp\libnosys.a
END GROUP
START GROUP
LOAD e:/stmicroelectronics/stm32cubeide_1.9.0/stm32cubeide/plugins/com.st.stm32cube.ide.mcu.externaltools.gnu-tools-for-stm32.10.3-2021.10.win32_1.0.0.202111181127/tools/bin/../lib/gcc/arm-none-eabi/10.3.1/thumb/v7-m/nofp\libgcc.a
LOAD e:/stmicroelectronics/stm32cubeide_1.9.0/stm32cubeide/plugins/com.st.stm32cube.ide.mcu.externaltools.gnu-tools-for-stm32.10.3-2021.10.win32_1.0.0.202111181127/tools/bin/../lib/gcc/arm-none-eabi/10.3.1/../../../../arm-none-eabi/lib/thumb/v7-m/nofp\libc_nano.a
LOAD e:/stmicroelectronics/stm32cubeide_1.9.0/stm32cubeide/plugins/com.st.stm32cube.ide.mcu.externaltools.gnu-tools-for-stm32.10.3-2021.10.win32_1.0.0.202111181127/tools/bin/../lib/gcc/arm-none-eabi/10.3.1/../../../../arm-none-eabi/lib/thumb/v7-m/nofp\libnosys.a
END GROUP
LOAD e:/stmicroelectronics/stm32cubeide_1.9.0/stm32cubeide/plugins/com.st.stm32cube.ide.mcu.externaltools.gnu-tools-for-stm32.10.3-2021.10.win32_1.0.0.202111181127/tools/bin/../lib/gcc/arm-none-eabi/10.3.1/thumb/v7-m/nofp/crtend.o
LOAD e:/stmicroelectronics/stm32cubeide_1.9.0/stm32cubeide/plugins/com.st.stm32cube.ide.mcu.externaltools.gnu-tools-for-stm32.10.3-2021.10.win32_1.0.0.202111181127/tools/bin/../lib/gcc/arm-none-eabi/10.3.1/thumb/v7-m/nofp/crtn.o
                0x0000000020010000                _estack = (ORIGIN (RAM) + LENGTH (RAM))
                0x0000000000000200                _Min_Heap_Size = 0x200
                0x0000000000000400                _Min_Stack_Size = 0x400

.isr_vector     0x0000000008000000      0x1e4
                0x0000000008000000                . = ALIGN (0x4)
 *(.isr_vector)
 .isr_vector    0x0000000008000000      0x1e4 ./Core/Startup/startup_stm32f103vetx.o
                0x0000000008000000                g_pfnVectors
                0x00000000080001e4                . = ALIGN (0x4)

.text           0x00000000080001e4     0x3618
                0x00000000080001e4                . = ALIGN (0x4)
 *(.text)
 .text          0x00000000080001e4       0x40 e:/stmicroelectronics/stm32cubeide_1.9.0/stm32cubeide/plugins/com.st.stm32cube.ide.mcu.externaltools.gnu-tools-for-stm32.10.3-2021.10.win32_1.0.0.202111181127/tools/bin/../lib/gcc/arm-none-eabi/10.3.1/thumb/v7-m/nofp/crtbegin.o
 *(.text*)
 .text.Delay    0x0000000008000224       0x22 ./Core/Src/lcd.o
                0x0000000008000224                Delay
 .text.LCD_INIT
                0x0000000008000246       0x2e ./Core/Src/lcd.o
                0x0000000008000246                LCD_INIT
 .text.LCD_Rst  0x0000000008000274       0x30 ./Core/Src/lcd.o
                0x0000000008000274                LCD_Rst
 .text.LCD_BackLed_Control
                0x00000000080002a4       0x38 ./Core/Src/lcd.o
                0x00000000080002a4                LCD_BackLed_Control
 .text.LCD_Write_Cmd
                0x00000000080002dc       0x1c ./Core/Src/lcd.o
                0x00000000080002dc                LCD_Write_Cmd
 .text.LCD_Write_Data
                0x00000000080002f8       0x20 ./Core/Src/lcd.o
                0x00000000080002f8                LCD_Write_Data
 .text.LCD_REG_Config
                0x0000000008000318      0x234 ./Core/Src/lcd.o
                0x0000000008000318                LCD_REG_Config
 .text.LCD_OpenWindow
                0x000000000800054c       0xb2 ./Core/Src/lcd.o
                0x000000000800054c                LCD_OpenWindow
 .text.LCD_FillColor
                0x00000000080005fe       0x3c ./Core/Src/lcd.o
                0x00000000080005fe                LCD_FillColor
 .text.LCD_Clear
                0x000000000800063a       0x46 ./Core/Src/lcd.o
                0x000000000800063a                LCD_Clear
 .text.LCD_DrawChar
                0x0000000008000680       0x8c ./Core/Src/lcd.o
                0x0000000008000680                LCD_DrawChar
 .text.LCD_DrawString
                0x000000000800070c       0x5e ./Core/Src/lcd.o
                0x000000000800070c                LCD_DrawString
 *fill*         0x000000000800076a        0x2 
 .text.main     0x000000000800076c      0x210 ./Core/Src/main.o
                0x000000000800076c                main
 .text.SystemClock_Config
                0x000000000800097c       0xba ./Core/Src/main.o
                0x000000000800097c                SystemClock_Config
 *fill*         0x0000000008000a36        0x2 
 .text.MX_ADC1_Init
                0x0000000008000a38       0x7c ./Core/Src/main.o
 .text.MX_ADC2_Init
                0x0000000008000ab4       0x7c ./Core/Src/main.o
 .text.MX_GPIO_Init
                0x0000000008000b30      0x14c ./Core/Src/main.o
 .text.MX_FSMC_Init
                0x0000000008000c7c       0xc8 ./Core/Src/main.o
 .text.Error_Handler
                0x0000000008000d44        0xa ./Core/Src/main.o
                0x0000000008000d44                Error_Handler
 *fill*         0x0000000008000d4e        0x2 
 .text.HAL_MspInit
                0x0000000008000d50       0x64 ./Core/Src/stm32f1xx_hal_msp.o
                0x0000000008000d50                HAL_MspInit
 .text.HAL_ADC_MspInit
                0x0000000008000db4       0xcc ./Core/Src/stm32f1xx_hal_msp.o
                0x0000000008000db4                HAL_ADC_MspInit
 .text.HAL_FSMC_MspInit
                0x0000000008000e80       0x88 ./Core/Src/stm32f1xx_hal_msp.o
 .text.HAL_SRAM_MspInit
                0x0000000008000f08       0x14 ./Core/Src/stm32f1xx_hal_msp.o
                0x0000000008000f08                HAL_SRAM_MspInit
 .text.NMI_Handler
                0x0000000008000f1c        0x6 ./Core/Src/stm32f1xx_it.o
                0x0000000008000f1c                NMI_Handler
 .text.HardFault_Handler
                0x0000000008000f22        0x6 ./Core/Src/stm32f1xx_it.o
                0x0000000008000f22                HardFault_Handler
 .text.MemManage_Handler
                0x0000000008000f28        0x6 ./Core/Src/stm32f1xx_it.o
                0x0000000008000f28                MemManage_Handler
 .text.BusFault_Handler
                0x0000000008000f2e        0x6 ./Core/Src/stm32f1xx_it.o
                0x0000000008000f2e                BusFault_Handler
 .text.UsageFault_Handler
                0x0000000008000f34        0x6 ./Core/Src/stm32f1xx_it.o
                0x0000000008000f34                UsageFault_Handler
 .text.SVC_Handler
                0x0000000008000f3a        0xc ./Core/Src/stm32f1xx_it.o
                0x0000000008000f3a                SVC_Handler
 .text.DebugMon_Handler
                0x0000000008000f46        0xc ./Core/Src/stm32f1xx_it.o
                0x0000000008000f46                DebugMon_Handler
 .text.PendSV_Handler
                0x0000000008000f52        0xc ./Core/Src/stm32f1xx_it.o
                0x0000000008000f52                PendSV_Handler
 .text.SysTick_Handler
                0x0000000008000f5e        0xc ./Core/Src/stm32f1xx_it.o
                0x0000000008000f5e                SysTick_Handler
 *fill*         0x0000000008000f6a        0x2 
 .text.EXTI15_10_IRQHandler
                0x0000000008000f6c       0x3c ./Core/Src/stm32f1xx_it.o
                0x0000000008000f6c                EXTI15_10_IRQHandler
 .text._sbrk    0x0000000008000fa8       0x6c ./Core/Src/sysmem.o
                0x0000000008000fa8                _sbrk
 .text.SystemInit
                0x0000000008001014        0xc ./Core/Src/system_stm32f1xx.o
                0x0000000008001014                SystemInit
 .text.Reset_Handler
                0x0000000008001020       0x48 ./Core/Startup/startup_stm32f103vetx.o
                0x0000000008001020                Reset_Handler
 .text.Default_Handler
                0x0000000008001068        0x2 ./Core/Startup/startup_stm32f103vetx.o
                0x0000000008001068                RTC_Alarm_IRQHandler
                0x0000000008001068                EXTI2_IRQHandler
                0x0000000008001068                TIM8_TRG_COM_IRQHandler
                0x0000000008001068                TIM8_CC_IRQHandler
                0x0000000008001068                TIM1_CC_IRQHandler
                0x0000000008001068                TIM6_IRQHandler
                0x0000000008001068                PVD_IRQHandler
                0x0000000008001068                SDIO_IRQHandler
                0x0000000008001068                EXTI3_IRQHandler
                0x0000000008001068                EXTI0_IRQHandler
                0x0000000008001068                I2C2_EV_IRQHandler
                0x0000000008001068                ADC1_2_IRQHandler
                0x0000000008001068                SPI1_IRQHandler
                0x0000000008001068                TAMPER_IRQHandler
                0x0000000008001068                TIM8_UP_IRQHandler
                0x0000000008001068                DMA2_Channel2_IRQHandler
                0x0000000008001068                DMA1_Channel4_IRQHandler
                0x0000000008001068                USART3_IRQHandler
                0x0000000008001068                RTC_IRQHandler
                0x0000000008001068                DMA1_Channel7_IRQHandler
                0x0000000008001068                CAN1_RX1_IRQHandler
                0x0000000008001068                UART5_IRQHandler
                0x0000000008001068                ADC3_IRQHandler
                0x0000000008001068                TIM4_IRQHandler
                0x0000000008001068                DMA2_Channel1_IRQHandler
                0x0000000008001068                I2C1_EV_IRQHandler
                0x0000000008001068                DMA1_Channel6_IRQHandler
                0x0000000008001068                UART4_IRQHandler
                0x0000000008001068                TIM3_IRQHandler
                0x0000000008001068                RCC_IRQHandler
                0x0000000008001068                TIM1_TRG_COM_IRQHandler
                0x0000000008001068                DMA1_Channel1_IRQHandler
                0x0000000008001068                Default_Handler
                0x0000000008001068                TIM7_IRQHandler
                0x0000000008001068                TIM5_IRQHandler
                0x0000000008001068                EXTI9_5_IRQHandler
                0x0000000008001068                SPI2_IRQHandler
                0x0000000008001068                DMA1_Channel5_IRQHandler
                0x0000000008001068                EXTI4_IRQHandler
                0x0000000008001068                USB_LP_CAN1_RX0_IRQHandler
                0x0000000008001068                USB_HP_CAN1_TX_IRQHandler
                0x0000000008001068                DMA1_Channel3_IRQHandler
                0x0000000008001068                FSMC_IRQHandler
                0x0000000008001068                TIM1_UP_IRQHandler
                0x0000000008001068                WWDG_IRQHandler
                0x0000000008001068                TIM2_IRQHandler
                0x0000000008001068                TIM1_BRK_IRQHandler
                0x0000000008001068                EXTI1_IRQHandler
                0x0000000008001068                DMA2_Channel4_5_IRQHandler
                0x0000000008001068                USART2_IRQHandler
                0x0000000008001068                I2C2_ER_IRQHandler
                0x0000000008001068                DMA1_Channel2_IRQHandler
                0x0000000008001068                TIM8_BRK_IRQHandler
                0x0000000008001068                CAN1_SCE_IRQHandler
                0x0000000008001068                FLASH_IRQHandler
                0x0000000008001068                USART1_IRQHandler
                0x0000000008001068                SPI3_IRQHandler
                0x0000000008001068                I2C1_ER_IRQHandler
                0x0000000008001068                USBWakeUp_IRQHandler
                0x0000000008001068                DMA2_Channel3_IRQHandler
 *fill*         0x000000000800106a        0x2 
 .text.HAL_Init
                0x000000000800106c       0x2c ./Drivers/STM32F1xx_HAL_Driver/Src/stm32f1xx_hal.o
                0x000000000800106c                HAL_Init
 .text.HAL_InitTick
                0x0000000008001098       0x60 ./Drivers/STM32F1xx_HAL_Driver/Src/stm32f1xx_hal.o
                0x0000000008001098                HAL_InitTick
 .text.HAL_IncTick
                0x00000000080010f8       0x24 ./Drivers/STM32F1xx_HAL_Driver/Src/stm32f1xx_hal.o
                0x00000000080010f8                HAL_IncTick
 .text.HAL_GetTick
                0x000000000800111c       0x14 ./Drivers/STM32F1xx_HAL_Driver/Src/stm32f1xx_hal.o
                0x000000000800111c                HAL_GetTick
 .text.HAL_Delay
                0x0000000008001130       0x48 ./Drivers/STM32F1xx_HAL_Driver/Src/stm32f1xx_hal.o
                0x0000000008001130                HAL_Delay
 .text.HAL_ADC_Init
                0x0000000008001178      0x1d4 ./Drivers/STM32F1xx_HAL_Driver/Src/stm32f1xx_hal_adc.o
                0x0000000008001178                HAL_ADC_Init
 .text.HAL_ADC_Start
                0x000000000800134c      0x15c ./Drivers/STM32F1xx_HAL_Driver/Src/stm32f1xx_hal_adc.o
                0x000000000800134c                HAL_ADC_Start
 .text.HAL_ADC_PollForConversion
                0x00000000080014a8      0x20c ./Drivers/STM32F1xx_HAL_Driver/Src/stm32f1xx_hal_adc.o
                0x00000000080014a8                HAL_ADC_PollForConversion
 .text.HAL_ADC_GetValue
                0x00000000080016b4       0x18 ./Drivers/STM32F1xx_HAL_Driver/Src/stm32f1xx_hal_adc.o
                0x00000000080016b4                HAL_ADC_GetValue
 .text.HAL_ADC_ConfigChannel
                0x00000000080016cc      0x1f0 ./Drivers/STM32F1xx_HAL_Driver/Src/stm32f1xx_hal_adc.o
                0x00000000080016cc                HAL_ADC_ConfigChannel
 .text.ADC_Enable
                0x00000000080018bc       0xb4 ./Drivers/STM32F1xx_HAL_Driver/Src/stm32f1xx_hal_adc.o
                0x00000000080018bc                ADC_Enable
 .text.ADC_ConversionStop_Disable
                0x0000000008001970       0x82 ./Drivers/STM32F1xx_HAL_Driver/Src/stm32f1xx_hal_adc.o
                0x0000000008001970                ADC_ConversionStop_Disable
 *fill*         0x00000000080019f2        0x2 
 .text.HAL_ADCEx_Calibration_Start
                0x00000000080019f4      0x158 ./Drivers/STM32F1xx_HAL_Driver/Src/stm32f1xx_hal_adc_ex.o
                0x00000000080019f4                HAL_ADCEx_Calibration_Start
 .text.__NVIC_SetPriorityGrouping
                0x0000000008001b4c       0x48 ./Drivers/STM32F1xx_HAL_Driver/Src/stm32f1xx_hal_cortex.o
 .text.__NVIC_GetPriorityGrouping
                0x0000000008001b94       0x1c ./Drivers/STM32F1xx_HAL_Driver/Src/stm32f1xx_hal_cortex.o
 .text.__NVIC_EnableIRQ
                0x0000000008001bb0       0x38 ./Drivers/STM32F1xx_HAL_Driver/Src/stm32f1xx_hal_cortex.o
 .text.__NVIC_SetPriority
                0x0000000008001be8       0x54 ./Drivers/STM32F1xx_HAL_Driver/Src/stm32f1xx_hal_cortex.o
 .text.NVIC_EncodePriority
                0x0000000008001c3c       0x64 ./Drivers/STM32F1xx_HAL_Driver/Src/stm32f1xx_hal_cortex.o
 .text.SysTick_Config
                0x0000000008001ca0       0x44 ./Drivers/STM32F1xx_HAL_Driver/Src/stm32f1xx_hal_cortex.o
 .text.HAL_NVIC_SetPriorityGrouping
                0x0000000008001ce4       0x16 ./Drivers/STM32F1xx_HAL_Driver/Src/stm32f1xx_hal_cortex.o
                0x0000000008001ce4                HAL_NVIC_SetPriorityGrouping
 .text.HAL_NVIC_SetPriority
                0x0000000008001cfa       0x38 ./Drivers/STM32F1xx_HAL_Driver/Src/stm32f1xx_hal_cortex.o
                0x0000000008001cfa                HAL_NVIC_SetPriority
 .text.HAL_NVIC_EnableIRQ
                0x0000000008001d32       0x1c ./Drivers/STM32F1xx_HAL_Driver/Src/stm32f1xx_hal_cortex.o
                0x0000000008001d32                HAL_NVIC_EnableIRQ
 .text.HAL_SYSTICK_Config
                0x0000000008001d4e       0x18 ./Drivers/STM32F1xx_HAL_Driver/Src/stm32f1xx_hal_cortex.o
                0x0000000008001d4e                HAL_SYSTICK_Config
 *fill*         0x0000000008001d66        0x2 
 .text.HAL_GPIO_Init
                0x0000000008001d68      0x328 ./Drivers/STM32F1xx_HAL_Driver/Src/stm32f1xx_hal_gpio.o
                0x0000000008001d68                HAL_GPIO_Init
 .text.HAL_GPIO_WritePin
                0x0000000008002090       0x30 ./Drivers/STM32F1xx_HAL_Driver/Src/stm32f1xx_hal_gpio.o
                0x0000000008002090                HAL_GPIO_WritePin
 .text.HAL_GPIO_EXTI_IRQHandler
                0x00000000080020c0       0x30 ./Drivers/STM32F1xx_HAL_Driver/Src/stm32f1xx_hal_gpio.o
                0x00000000080020c0                HAL_GPIO_EXTI_IRQHandler
 .text.HAL_GPIO_EXTI_Callback
                0x00000000080020f0       0x14 ./Drivers/STM32F1xx_HAL_Driver/Src/stm32f1xx_hal_gpio.o
                0x00000000080020f0                HAL_GPIO_EXTI_Callback
 .text.HAL_RCC_OscConfig
                0x0000000008002104      0x504 ./Drivers/STM32F1xx_HAL_Driver/Src/stm32f1xx_hal_rcc.o
                0x0000000008002104                HAL_RCC_OscConfig
 .text.HAL_RCC_ClockConfig
                0x0000000008002608      0x1d4 ./Drivers/STM32F1xx_HAL_Driver/Src/stm32f1xx_hal_rcc.o
                0x0000000008002608                HAL_RCC_ClockConfig
 .text.HAL_RCC_GetSysClockFreq
                0x00000000080027dc       0xbc ./Drivers/STM32F1xx_HAL_Driver/Src/stm32f1xx_hal_rcc.o
                0x00000000080027dc                HAL_RCC_GetSysClockFreq
 .text.HAL_RCC_GetHCLKFreq
                0x0000000008002898       0x14 ./Drivers/STM32F1xx_HAL_Driver/Src/stm32f1xx_hal_rcc.o
                0x0000000008002898                HAL_RCC_GetHCLKFreq
 .text.HAL_RCC_GetPCLK2Freq
                0x00000000080028ac       0x28 ./Drivers/STM32F1xx_HAL_Driver/Src/stm32f1xx_hal_rcc.o
                0x00000000080028ac                HAL_RCC_GetPCLK2Freq
 .text.RCC_Delay
                0x00000000080028d4       0x3c ./Drivers/STM32F1xx_HAL_Driver/Src/stm32f1xx_hal_rcc.o
 .text.HAL_RCCEx_PeriphCLKConfig
                0x0000000008002910      0x16c ./Drivers/STM32F1xx_HAL_Driver/Src/stm32f1xx_hal_rcc_ex.o
                0x0000000008002910                HAL_RCCEx_PeriphCLKConfig
 .text.HAL_RCCEx_GetPeriphCLKFreq
                0x0000000008002a7c      0x1c8 ./Drivers/STM32F1xx_HAL_Driver/Src/stm32f1xx_hal_rcc_ex.o
                0x0000000008002a7c                HAL_RCCEx_GetPeriphCLKFreq
 .text.HAL_SRAM_Init
                0x0000000008002c44       0x9a ./Drivers/STM32F1xx_HAL_Driver/Src/stm32f1xx_hal_sram.o
                0x0000000008002c44                HAL_SRAM_Init
 *fill*         0x0000000008002cde        0x2 
 .text.FSMC_NORSRAM_Init
                0x0000000008002ce0       0xd4 ./Drivers/STM32F1xx_HAL_Driver/Src/stm32f1xx_ll_fsmc.o
                0x0000000008002ce0                FSMC_NORSRAM_Init
 .text.FSMC_NORSRAM_Timing_Init
                0x0000000008002db4       0x68 ./Drivers/STM32F1xx_HAL_Driver/Src/stm32f1xx_ll_fsmc.o
                0x0000000008002db4                FSMC_NORSRAM_Timing_Init
 .text.FSMC_NORSRAM_Extended_Timing_Init
                0x0000000008002e1c       0x70 ./Drivers/STM32F1xx_HAL_Driver/Src/stm32f1xx_ll_fsmc.o
                0x0000000008002e1c                FSMC_NORSRAM_Extended_Timing_Init
 .text.__errno  0x0000000008002e8c        0xc e:/stmicroelectronics/stm32cubeide_1.9.0/stm32cubeide/plugins/com.st.stm32cube.ide.mcu.externaltools.gnu-tools-for-stm32.10.3-2021.10.win32_1.0.0.202111181127/tools/bin/../lib/gcc/arm-none-eabi/10.3.1/../../../../arm-none-eabi/lib/thumb/v7-m/nofp\libc_nano.a(lib_a-errno.o)
                0x0000000008002e8c                __errno
 .text.__libc_init_array
                0x0000000008002e98       0x48 e:/stmicroelectronics/stm32cubeide_1.9.0/stm32cubeide/plugins/com.st.stm32cube.ide.mcu.externaltools.gnu-tools-for-stm32.10.3-2021.10.win32_1.0.0.202111181127/tools/bin/../lib/gcc/arm-none-eabi/10.3.1/../../../../arm-none-eabi/lib/thumb/v7-m/nofp\libc_nano.a(lib_a-init.o)
                0x0000000008002e98                __libc_init_array
 .text.memset   0x0000000008002ee0       0x10 e:/stmicroelectronics/stm32cubeide_1.9.0/stm32cubeide/plugins/com.st.stm32cube.ide.mcu.externaltools.gnu-tools-for-stm32.10.3-2021.10.win32_1.0.0.202111181127/tools/bin/../lib/gcc/arm-none-eabi/10.3.1/../../../../arm-none-eabi/lib/thumb/v7-m/nofp\libc_nano.a(lib_a-memset.o)
                0x0000000008002ee0                memset
 .text.sprintf  0x0000000008002ef0       0x40 e:/stmicroelectronics/stm32cubeide_1.9.0/stm32cubeide/plugins/com.st.stm32cube.ide.mcu.externaltools.gnu-tools-for-stm32.10.3-2021.10.win32_1.0.0.202111181127/tools/bin/../lib/gcc/arm-none-eabi/10.3.1/../../../../arm-none-eabi/lib/thumb/v7-m/nofp\libc_nano.a(lib_a-sprintf.o)
                0x0000000008002ef0                siprintf
                0x0000000008002ef0                sprintf
 .text.__ssputs_r
                0x0000000008002f30       0xb6 e:/stmicroelectronics/stm32cubeide_1.9.0/stm32cubeide/plugins/com.st.stm32cube.ide.mcu.externaltools.gnu-tools-for-stm32.10.3-2021.10.win32_1.0.0.202111181127/tools/bin/../lib/gcc/arm-none-eabi/10.3.1/../../../../arm-none-eabi/lib/thumb/v7-m/nofp\libc_nano.a(lib_a-nano-svfprintf.o)
                0x0000000008002f30                __ssputs_r
 *fill*         0x0000000008002fe6        0x2 
 .text._svfprintf_r
                0x0000000008002fe8      0x200 e:/stmicroelectronics/stm32cubeide_1.9.0/stm32cubeide/plugins/com.st.stm32cube.ide.mcu.externaltools.gnu-tools-for-stm32.10.3-2021.10.win32_1.0.0.202111181127/tools/bin/../lib/gcc/arm-none-eabi/10.3.1/../../../../arm-none-eabi/lib/thumb/v7-m/nofp\libc_nano.a(lib_a-nano-svfprintf.o)
                0x0000000008002fe8                _svfiprintf_r
                0x0000000008002fe8                _svfprintf_r
 .text._printf_common
                0x00000000080031e8       0xde e:/stmicroelectronics/stm32cubeide_1.9.0/stm32cubeide/plugins/com.st.stm32cube.ide.mcu.externaltools.gnu-tools-for-stm32.10.3-2021.10.win32_1.0.0.202111181127/tools/bin/../lib/gcc/arm-none-eabi/10.3.1/../../../../arm-none-eabi/lib/thumb/v7-m/nofp\libc_nano.a(lib_a-nano-vfprintf_i.o)
                0x00000000080031e8                _printf_common
 *fill*         0x00000000080032c6        0x2 
 .text._printf_i
                0x00000000080032c8      0x24c e:/stmicroelectronics/stm32cubeide_1.9.0/stm32cubeide/plugins/com.st.stm32cube.ide.mcu.externaltools.gnu-tools-for-stm32.10.3-2021.10.win32_1.0.0.202111181127/tools/bin/../lib/gcc/arm-none-eabi/10.3.1/../../../../arm-none-eabi/lib/thumb/v7-m/nofp\libc_nano.a(lib_a-nano-vfprintf_i.o)
                0x00000000080032c8                _printf_i
 .text.memchr   0x0000000008003514       0x1c e:/stmicroelectronics/stm32cubeide_1.9.0/stm32cubeide/plugins/com.st.stm32cube.ide.mcu.externaltools.gnu-tools-for-stm32.10.3-2021.10.win32_1.0.0.202111181127/tools/bin/../lib/gcc/arm-none-eabi/10.3.1/../../../../arm-none-eabi/lib/thumb/v7-m/nofp\libc_nano.a(lib_a-memchr-stub.o)
                0x0000000008003514                memchr
 .text.memcpy   0x0000000008003530       0x1c e:/stmicroelectronics/stm32cubeide_1.9.0/stm32cubeide/plugins/com.st.stm32cube.ide.mcu.externaltools.gnu-tools-for-stm32.10.3-2021.10.win32_1.0.0.202111181127/tools/bin/../lib/gcc/arm-none-eabi/10.3.1/../../../../arm-none-eabi/lib/thumb/v7-m/nofp\libc_nano.a(lib_a-memcpy-stub.o)
                0x0000000008003530                memcpy
 .text.memmove  0x000000000800354c       0x34 e:/stmicroelectronics/stm32cubeide_1.9.0/stm32cubeide/plugins/com.st.stm32cube.ide.mcu.externaltools.gnu-tools-for-stm32.10.3-2021.10.win32_1.0.0.202111181127/tools/bin/../lib/gcc/arm-none-eabi/10.3.1/../../../../arm-none-eabi/lib/thumb/v7-m/nofp\libc_nano.a(lib_a-memmove.o)
                0x000000000800354c                memmove
 .text._free_r  0x0000000008003580       0x90 e:/stmicroelectronics/stm32cubeide_1.9.0/stm32cubeide/plugins/com.st.stm32cube.ide.mcu.externaltools.gnu-tools-for-stm32.10.3-2021.10.win32_1.0.0.202111181127/tools/bin/../lib/gcc/arm-none-eabi/10.3.1/../../../../arm-none-eabi/lib/thumb/v7-m/nofp\libc_nano.a(lib_a-nano-freer.o)
                0x0000000008003580                _free_r
 .text.sbrk_aligned
                0x0000000008003610       0x40 e:/stmicroelectronics/stm32cubeide_1.9.0/stm32cubeide/plugins/com.st.stm32cube.ide.mcu.externaltools.gnu-tools-for-stm32.10.3-2021.10.win32_1.0.0.202111181127/tools/bin/../lib/gcc/arm-none-eabi/10.3.1/../../../../arm-none-eabi/lib/thumb/v7-m/nofp\libc_nano.a(lib_a-nano-mallocr.o)
 .text._malloc_r
                0x0000000008003650       0xe8 e:/stmicroelectronics/stm32cubeide_1.9.0/stm32cubeide/plugins/com.st.stm32cube.ide.mcu.externaltools.gnu-tools-for-stm32.10.3-2021.10.win32_1.0.0.202111181127/tools/bin/../lib/gcc/arm-none-eabi/10.3.1/../../../../arm-none-eabi/lib/thumb/v7-m/nofp\libc_nano.a(lib_a-nano-mallocr.o)
                0x0000000008003650                _malloc_r
 .text._realloc_r
                0x0000000008003738       0x5e e:/stmicroelectronics/stm32cubeide_1.9.0/stm32cubeide/plugins/com.st.stm32cube.ide.mcu.externaltools.gnu-tools-for-stm32.10.3-2021.10.win32_1.0.0.202111181127/tools/bin/../lib/gcc/arm-none-eabi/10.3.1/../../../../arm-none-eabi/lib/thumb/v7-m/nofp\libc_nano.a(lib_a-nano-reallocr.o)
                0x0000000008003738                _realloc_r
 *fill*         0x0000000008003796        0x2 
 .text._sbrk_r  0x0000000008003798       0x20 e:/stmicroelectronics/stm32cubeide_1.9.0/stm32cubeide/plugins/com.st.stm32cube.ide.mcu.externaltools.gnu-tools-for-stm32.10.3-2021.10.win32_1.0.0.202111181127/tools/bin/../lib/gcc/arm-none-eabi/10.3.1/../../../../arm-none-eabi/lib/thumb/v7-m/nofp\libc_nano.a(lib_a-sbrkr.o)
                0x0000000008003798                _sbrk_r
 .text.__malloc_lock
                0x00000000080037b8        0xc e:/stmicroelectronics/stm32cubeide_1.9.0/stm32cubeide/plugins/com.st.stm32cube.ide.mcu.externaltools.gnu-tools-for-stm32.10.3-2021.10.win32_1.0.0.202111181127/tools/bin/../lib/gcc/arm-none-eabi/10.3.1/../../../../arm-none-eabi/lib/thumb/v7-m/nofp\libc_nano.a(lib_a-mlock.o)
                0x00000000080037b8                __malloc_lock
 .text.__malloc_unlock
                0x00000000080037c4        0xc e:/stmicroelectronics/stm32cubeide_1.9.0/stm32cubeide/plugins/com.st.stm32cube.ide.mcu.externaltools.gnu-tools-for-stm32.10.3-2021.10.win32_1.0.0.202111181127/tools/bin/../lib/gcc/arm-none-eabi/10.3.1/../../../../arm-none-eabi/lib/thumb/v7-m/nofp\libc_nano.a(lib_a-mlock.o)
                0x00000000080037c4                __malloc_unlock
 .text._malloc_usable_size_r
                0x00000000080037d0       0x10 e:/stmicroelectronics/stm32cubeide_1.9.0/stm32cubeide/plugins/com.st.stm32cube.ide.mcu.externaltools.gnu-tools-for-stm32.10.3-2021.10.win32_1.0.0.202111181127/tools/bin/../lib/gcc/arm-none-eabi/10.3.1/../../../../arm-none-eabi/lib/thumb/v7-m/nofp\libc_nano.a(lib_a-nano-msizer.o)
                0x00000000080037d0                _malloc_usable_size_r
 .text.__retarget_lock_acquire_recursive
                0x00000000080037e0        0x2 e:/stmicroelectronics/stm32cubeide_1.9.0/stm32cubeide/plugins/com.st.stm32cube.ide.mcu.externaltools.gnu-tools-for-stm32.10.3-2021.10.win32_1.0.0.202111181127/tools/bin/../lib/gcc/arm-none-eabi/10.3.1/../../../../arm-none-eabi/lib/thumb/v7-m/nofp\libc_nano.a(lib_a-lock.o)
                0x00000000080037e0                __retarget_lock_acquire_recursive
 .text.__retarget_lock_release_recursive
                0x00000000080037e2        0x2 e:/stmicroelectronics/stm32cubeide_1.9.0/stm32cubeide/plugins/com.st.stm32cube.ide.mcu.externaltools.gnu-tools-for-stm32.10.3-2021.10.win32_1.0.0.202111181127/tools/bin/../lib/gcc/arm-none-eabi/10.3.1/../../../../arm-none-eabi/lib/thumb/v7-m/nofp\libc_nano.a(lib_a-lock.o)
                0x00000000080037e2                __retarget_lock_release_recursive
 *(.glue_7)
 .glue_7        0x00000000080037e4        0x0 linker stubs
 *(.glue_7t)
 .glue_7t       0x00000000080037e4        0x0 linker stubs
 *(.eh_frame)
 .eh_frame      0x00000000080037e4        0x0 e:/stmicroelectronics/stm32cubeide_1.9.0/stm32cubeide/plugins/com.st.stm32cube.ide.mcu.externaltools.gnu-tools-for-stm32.10.3-2021.10.win32_1.0.0.202111181127/tools/bin/../lib/gcc/arm-none-eabi/10.3.1/thumb/v7-m/nofp/crtbegin.o
 *(.init)
 .init          0x00000000080037e4        0x4 e:/stmicroelectronics/stm32cubeide_1.9.0/stm32cubeide/plugins/com.st.stm32cube.ide.mcu.externaltools.gnu-tools-for-stm32.10.3-2021.10.win32_1.0.0.202111181127/tools/bin/../lib/gcc/arm-none-eabi/10.3.1/thumb/v7-m/nofp/crti.o
                0x00000000080037e4                _init
 .init          0x00000000080037e8        0x8 e:/stmicroelectronics/stm32cubeide_1.9.0/stm32cubeide/plugins/com.st.stm32cube.ide.mcu.externaltools.gnu-tools-for-stm32.10.3-2021.10.win32_1.0.0.202111181127/tools/bin/../lib/gcc/arm-none-eabi/10.3.1/thumb/v7-m/nofp/crtn.o
 *(.fini)
 .fini          0x00000000080037f0        0x4 e:/stmicroelectronics/stm32cubeide_1.9.0/stm32cubeide/plugins/com.st.stm32cube.ide.mcu.externaltools.gnu-tools-for-stm32.10.3-2021.10.win32_1.0.0.202111181127/tools/bin/../lib/gcc/arm-none-eabi/10.3.1/thumb/v7-m/nofp/crti.o
                0x00000000080037f0                _fini
 .fini          0x00000000080037f4        0x8 e:/stmicroelectronics/stm32cubeide_1.9.0/stm32cubeide/plugins/com.st.stm32cube.ide.mcu.externaltools.gnu-tools-for-stm32.10.3-2021.10.win32_1.0.0.202111181127/tools/bin/../lib/gcc/arm-none-eabi/10.3.1/thumb/v7-m/nofp/crtn.o
                0x00000000080037fc                . = ALIGN (0x4)
                0x00000000080037fc                _etext = .

.vfp11_veneer   0x00000000080037fc        0x0
 .vfp11_veneer  0x00000000080037fc        0x0 linker stubs

.v4_bx          0x00000000080037fc        0x0
 .v4_bx         0x00000000080037fc        0x0 linker stubs

.iplt           0x00000000080037fc        0x0
 .iplt          0x00000000080037fc        0x0 e:/stmicroelectronics/stm32cubeide_1.9.0/stm32cubeide/plugins/com.st.stm32cube.ide.mcu.externaltools.gnu-tools-for-stm32.10.3-2021.10.win32_1.0.0.202111181127/tools/bin/../lib/gcc/arm-none-eabi/10.3.1/thumb/v7-m/nofp/crtbegin.o

.rodata         0x00000000080037fc      0x69c
                0x00000000080037fc                . = ALIGN (0x4)
 *(.rodata)
 .rodata        0x00000000080037fc       0x3f ./Core/Src/main.o
 *fill*         0x000000000800383b        0x1 
 .rodata        0x000000000800383c       0x10 ./Drivers/STM32F1xx_HAL_Driver/Src/stm32f1xx_hal_rcc.o
 .rodata        0x000000000800384c       0x10 ./Drivers/STM32F1xx_HAL_Driver/Src/stm32f1xx_hal_rcc_ex.o
 *(.rodata*)
 .rodata.ucAscii_1608
                0x000000000800385c      0x5f0 ./Core/Src/lcd.o
                0x000000000800385c                ucAscii_1608
 .rodata.AHBPrescTable
                0x0000000008003e4c       0x10 ./Core/Src/system_stm32f1xx.o
                0x0000000008003e4c                AHBPrescTable
 .rodata.APBPrescTable
                0x0000000008003e5c        0x8 ./Core/Src/system_stm32f1xx.o
                0x0000000008003e5c                APBPrescTable
 .rodata._svfprintf_r.str1.1
                0x0000000008003e64       0x11 e:/stmicroelectronics/stm32cubeide_1.9.0/stm32cubeide/plugins/com.st.stm32cube.ide.mcu.externaltools.gnu-tools-for-stm32.10.3-2021.10.win32_1.0.0.202111181127/tools/bin/../lib/gcc/arm-none-eabi/10.3.1/../../../../arm-none-eabi/lib/thumb/v7-m/nofp\libc_nano.a(lib_a-nano-svfprintf.o)
 .rodata._printf_i.str1.1
                0x0000000008003e75       0x22 e:/stmicroelectronics/stm32cubeide_1.9.0/stm32cubeide/plugins/com.st.stm32cube.ide.mcu.externaltools.gnu-tools-for-stm32.10.3-2021.10.win32_1.0.0.202111181127/tools/bin/../lib/gcc/arm-none-eabi/10.3.1/../../../../arm-none-eabi/lib/thumb/v7-m/nofp\libc_nano.a(lib_a-nano-vfprintf_i.o)
                0x0000000008003e98                . = ALIGN (0x4)
 *fill*         0x0000000008003e97        0x1 

.rel.dyn        0x0000000008003e98        0x0
 .rel.iplt      0x0000000008003e98        0x0 e:/stmicroelectronics/stm32cubeide_1.9.0/stm32cubeide/plugins/com.st.stm32cube.ide.mcu.externaltools.gnu-tools-for-stm32.10.3-2021.10.win32_1.0.0.202111181127/tools/bin/../lib/gcc/arm-none-eabi/10.3.1/thumb/v7-m/nofp/crtbegin.o

.ARM.extab      0x0000000008003e98        0x0
                0x0000000008003e98                . = ALIGN (0x4)
 *(.ARM.extab* .gnu.linkonce.armextab.*)
                0x0000000008003e98                . = ALIGN (0x4)

.ARM            0x0000000008003e98        0x0
                0x0000000008003e98                . = ALIGN (0x4)
                0x0000000008003e98                __exidx_start = .
 *(.ARM.exidx*)
                0x0000000008003e98                __exidx_end = .
                0x0000000008003e98                . = ALIGN (0x4)

.preinit_array  0x0000000008003e98        0x0
                0x0000000008003e98                . = ALIGN (0x4)
                0x0000000008003e98                PROVIDE (__preinit_array_start = .)
 *(.preinit_array*)
                0x0000000008003e98                PROVIDE (__preinit_array_end = .)
                0x0000000008003e98                . = ALIGN (0x4)

.init_array     0x0000000008003e98        0x4
                0x0000000008003e98                . = ALIGN (0x4)
                0x0000000008003e98                PROVIDE (__init_array_start = .)
 *(SORT_BY_NAME(.init_array.*))
 *(.init_array*)
 .init_array    0x0000000008003e98        0x4 e:/stmicroelectronics/stm32cubeide_1.9.0/stm32cubeide/plugins/com.st.stm32cube.ide.mcu.externaltools.gnu-tools-for-stm32.10.3-2021.10.win32_1.0.0.202111181127/tools/bin/../lib/gcc/arm-none-eabi/10.3.1/thumb/v7-m/nofp/crtbegin.o
                0x0000000008003e9c                PROVIDE (__init_array_end = .)
                0x0000000008003e9c                . = ALIGN (0x4)

.fini_array     0x0000000008003e9c        0x4
                0x0000000008003e9c                . = ALIGN (0x4)
                [!provide]                        PROVIDE (__fini_array_start = .)
 *(SORT_BY_NAME(.fini_array.*))
 *(.fini_array*)
 .fini_array    0x0000000008003e9c        0x4 e:/stmicroelectronics/stm32cubeide_1.9.0/stm32cubeide/plugins/com.st.stm32cube.ide.mcu.externaltools.gnu-tools-for-stm32.10.3-2021.10.win32_1.0.0.202111181127/tools/bin/../lib/gcc/arm-none-eabi/10.3.1/thumb/v7-m/nofp/crtbegin.o
                [!provide]                        PROVIDE (__fini_array_end = .)
                0x0000000008003ea0                . = ALIGN (0x4)
                0x0000000008003ea0                _sidata = LOADADDR (.data)

.data           0x0000000020000000       0x70 load address 0x0000000008003ea0
                0x0000000020000000                . = ALIGN (0x4)
                0x0000000020000000                _sdata = .
 *(.data)
 *(.data*)
 .data.SystemCoreClock
                0x0000000020000000        0x4 ./Core/Src/system_stm32f1xx.o
                0x0000000020000000                SystemCoreClock
 .data.uwTickPrio
                0x0000000020000004        0x4 ./Drivers/STM32F1xx_HAL_Driver/Src/stm32f1xx_hal.o
                0x0000000020000004                uwTickPrio
 .data.uwTickFreq
                0x0000000020000008        0x1 ./Drivers/STM32F1xx_HAL_Driver/Src/stm32f1xx_hal.o
                0x0000000020000008                uwTickFreq
 *fill*         0x0000000020000009        0x3 
 .data._impure_ptr
                0x000000002000000c        0x4 e:/stmicroelectronics/stm32cubeide_1.9.0/stm32cubeide/plugins/com.st.stm32cube.ide.mcu.externaltools.gnu-tools-for-stm32.10.3-2021.10.win32_1.0.0.202111181127/tools/bin/../lib/gcc/arm-none-eabi/10.3.1/../../../../arm-none-eabi/lib/thumb/v7-m/nofp\libc_nano.a(lib_a-impure.o)
                0x000000002000000c                _impure_ptr
 .data.impure_data
                0x0000000020000010       0x60 e:/stmicroelectronics/stm32cubeide_1.9.0/stm32cubeide/plugins/com.st.stm32cube.ide.mcu.externaltools.gnu-tools-for-stm32.10.3-2021.10.win32_1.0.0.202111181127/tools/bin/../lib/gcc/arm-none-eabi/10.3.1/../../../../arm-none-eabi/lib/thumb/v7-m/nofp\libc_nano.a(lib_a-impure.o)
 *(.RamFunc)
 *(.RamFunc*)
                0x0000000020000070                . = ALIGN (0x4)
                0x0000000020000070                _edata = .

.igot.plt       0x0000000020000070        0x0 load address 0x0000000008003f10
 .igot.plt      0x0000000020000070        0x0 e:/stmicroelectronics/stm32cubeide_1.9.0/stm32cubeide/plugins/com.st.stm32cube.ide.mcu.externaltools.gnu-tools-for-stm32.10.3-2021.10.win32_1.0.0.202111181127/tools/bin/../lib/gcc/arm-none-eabi/10.3.1/thumb/v7-m/nofp/crtbegin.o
                0x0000000020000070                . = ALIGN (0x4)

.bss            0x0000000020000070       0xec load address 0x0000000008003f10
                0x0000000020000070                _sbss = .
                0x0000000020000070                __bss_start__ = _sbss
 *(.bss)
 .bss           0x0000000020000070       0x1c e:/stmicroelectronics/stm32cubeide_1.9.0/stm32cubeide/plugins/com.st.stm32cube.ide.mcu.externaltools.gnu-tools-for-stm32.10.3-2021.10.win32_1.0.0.202111181127/tools/bin/../lib/gcc/arm-none-eabi/10.3.1/thumb/v7-m/nofp/crtbegin.o
 *(.bss*)
 .bss.hadc1     0x000000002000008c       0x30 ./Core/Src/main.o
                0x000000002000008c                hadc1
 .bss.hadc2     0x00000000200000bc       0x30 ./Core/Src/main.o
                0x00000000200000bc                hadc2
 .bss.hsram1    0x00000000200000ec       0x48 ./Core/Src/main.o
                0x00000000200000ec                hsram1
 .bss.adc1_value
                0x0000000020000134        0x4 ./Core/Src/main.o
                0x0000000020000134                adc1_value
 .bss.adc2_value
                0x0000000020000138        0x4 ./Core/Src/main.o
                0x0000000020000138                adc2_value
 .bss.FSMC_Initialized
                0x000000002000013c        0x4 ./Core/Src/stm32f1xx_hal_msp.o
 .bss.isrFlag   0x0000000020000140        0x4 ./Core/Src/stm32f1xx_it.o
                0x0000000020000140                isrFlag
 .bss.__sbrk_heap_end
                0x0000000020000144        0x4 ./Core/Src/sysmem.o
 .bss.uwTick    0x0000000020000148        0x4 ./Drivers/STM32F1xx_HAL_Driver/Src/stm32f1xx_hal.o
                0x0000000020000148                uwTick
 .bss.__malloc_free_list
                0x000000002000014c        0x4 e:/stmicroelectronics/stm32cubeide_1.9.0/stm32cubeide/plugins/com.st.stm32cube.ide.mcu.externaltools.gnu-tools-for-stm32.10.3-2021.10.win32_1.0.0.202111181127/tools/bin/../lib/gcc/arm-none-eabi/10.3.1/../../../../arm-none-eabi/lib/thumb/v7-m/nofp\libc_nano.a(lib_a-nano-mallocr.o)
                0x000000002000014c                __malloc_free_list
 .bss.__malloc_sbrk_start
                0x0000000020000150        0x4 e:/stmicroelectronics/stm32cubeide_1.9.0/stm32cubeide/plugins/com.st.stm32cube.ide.mcu.externaltools.gnu-tools-for-stm32.10.3-2021.10.win32_1.0.0.202111181127/tools/bin/../lib/gcc/arm-none-eabi/10.3.1/../../../../arm-none-eabi/lib/thumb/v7-m/nofp\libc_nano.a(lib_a-nano-mallocr.o)
                0x0000000020000150                __malloc_sbrk_start
 .bss.errno     0x0000000020000154        0x4 e:/stmicroelectronics/stm32cubeide_1.9.0/stm32cubeide/plugins/com.st.stm32cube.ide.mcu.externaltools.gnu-tools-for-stm32.10.3-2021.10.win32_1.0.0.202111181127/tools/bin/../lib/gcc/arm-none-eabi/10.3.1/../../../../arm-none-eabi/lib/thumb/v7-m/nofp\libc_nano.a(lib_a-reent.o)
                0x0000000020000154                errno
 .bss.__lock___malloc_recursive_mutex
                0x0000000020000158        0x1 e:/stmicroelectronics/stm32cubeide_1.9.0/stm32cubeide/plugins/com.st.stm32cube.ide.mcu.externaltools.gnu-tools-for-stm32.10.3-2021.10.win32_1.0.0.202111181127/tools/bin/../lib/gcc/arm-none-eabi/10.3.1/../../../../arm-none-eabi/lib/thumb/v7-m/nofp\libc_nano.a(lib_a-lock.o)
                0x0000000020000158                __lock___malloc_recursive_mutex
 *(COMMON)
                0x000000002000015c                . = ALIGN (0x4)
 *fill*         0x0000000020000159        0x3 
                0x000000002000015c                _ebss = .
                0x000000002000015c                __bss_end__ = _ebss

._user_heap_stack
                0x000000002000015c      0x604 load address 0x0000000008003f10
                0x0000000020000160                . = ALIGN (0x8)
 *fill*         0x000000002000015c        0x4 
                [!provide]                        PROVIDE (end = .)
                0x0000000020000160                PROVIDE (_end = .)
                0x0000000020000360                . = (. + _Min_Heap_Size)
 *fill*         0x0000000020000160      0x200 
                0x0000000020000760                . = (. + _Min_Stack_Size)
 *fill*         0x0000000020000360      0x400 
                0x0000000020000760                . = ALIGN (0x8)

/DISCARD/
 libc.a(*)
 libm.a(*)
 libgcc.a(*)

.ARM.attributes
                0x0000000000000000       0x29
 *(.ARM.attributes)
 .ARM.attributes
                0x0000000000000000       0x1d e:/stmicroelectronics/stm32cubeide_1.9.0/stm32cubeide/plugins/com.st.stm32cube.ide.mcu.externaltools.gnu-tools-for-stm32.10.3-2021.10.win32_1.0.0.202111181127/tools/bin/../lib/gcc/arm-none-eabi/10.3.1/thumb/v7-m/nofp/crti.o
 .ARM.attributes
                0x000000000000001d       0x2d e:/stmicroelectronics/stm32cubeide_1.9.0/stm32cubeide/plugins/com.st.stm32cube.ide.mcu.externaltools.gnu-tools-for-stm32.10.3-2021.10.win32_1.0.0.202111181127/tools/bin/../lib/gcc/arm-none-eabi/10.3.1/thumb/v7-m/nofp/crtbegin.o
 .ARM.attributes
                0x000000000000004a       0x2d ./Core/Src/lcd.o
 .ARM.attributes
                0x0000000000000077       0x2d ./Core/Src/main.o
 .ARM.attributes
                0x00000000000000a4       0x2d ./Core/Src/stm32f1xx_hal_msp.o
 .ARM.attributes
                0x00000000000000d1       0x2d ./Core/Src/stm32f1xx_it.o
 .ARM.attributes
                0x00000000000000fe       0x2d ./Core/Src/sysmem.o
 .ARM.attributes
                0x000000000000012b       0x2d ./Core/Src/system_stm32f1xx.o
 .ARM.attributes
                0x0000000000000158       0x21 ./Core/Startup/startup_stm32f103vetx.o
 .ARM.attributes
                0x0000000000000179       0x2d ./Drivers/STM32F1xx_HAL_Driver/Src/stm32f1xx_hal.o
 .ARM.attributes
                0x00000000000001a6       0x2d ./Drivers/STM32F1xx_HAL_Driver/Src/stm32f1xx_hal_adc.o
 .ARM.attributes
                0x00000000000001d3       0x2d ./Drivers/STM32F1xx_HAL_Driver/Src/stm32f1xx_hal_adc_ex.o
 .ARM.attributes
                0x0000000000000200       0x2d ./Drivers/STM32F1xx_HAL_Driver/Src/stm32f1xx_hal_cortex.o
 .ARM.attributes
                0x000000000000022d       0x2d ./Drivers/STM32F1xx_HAL_Driver/Src/stm32f1xx_hal_gpio.o
 .ARM.attributes
                0x000000000000025a       0x2d ./Drivers/STM32F1xx_HAL_Driver/Src/stm32f1xx_hal_rcc.o
 .ARM.attributes
                0x0000000000000287       0x2d ./Drivers/STM32F1xx_HAL_Driver/Src/stm32f1xx_hal_rcc_ex.o
 .ARM.attributes
                0x00000000000002b4       0x2d ./Drivers/STM32F1xx_HAL_Driver/Src/stm32f1xx_hal_sram.o
 .ARM.attributes
                0x00000000000002e1       0x2d ./Drivers/STM32F1xx_HAL_Driver/Src/stm32f1xx_ll_fsmc.o
 .ARM.attributes
                0x000000000000030e       0x2d e:/stmicroelectronics/stm32cubeide_1.9.0/stm32cubeide/plugins/com.st.stm32cube.ide.mcu.externaltools.gnu-tools-for-stm32.10.3-2021.10.win32_1.0.0.202111181127/tools/bin/../lib/gcc/arm-none-eabi/10.3.1/../../../../arm-none-eabi/lib/thumb/v7-m/nofp\libc_nano.a(lib_a-errno.o)
 .ARM.attributes
                0x000000000000033b       0x2d e:/stmicroelectronics/stm32cubeide_1.9.0/stm32cubeide/plugins/com.st.stm32cube.ide.mcu.externaltools.gnu-tools-for-stm32.10.3-2021.10.win32_1.0.0.202111181127/tools/bin/../lib/gcc/arm-none-eabi/10.3.1/../../../../arm-none-eabi/lib/thumb/v7-m/nofp\libc_nano.a(lib_a-impure.o)
 .ARM.attributes
                0x0000000000000368       0x2d e:/stmicroelectronics/stm32cubeide_1.9.0/stm32cubeide/plugins/com.st.stm32cube.ide.mcu.externaltools.gnu-tools-for-stm32.10.3-2021.10.win32_1.0.0.202111181127/tools/bin/../lib/gcc/arm-none-eabi/10.3.1/../../../../arm-none-eabi/lib/thumb/v7-m/nofp\libc_nano.a(lib_a-init.o)
 .ARM.attributes
                0x0000000000000395       0x2d e:/stmicroelectronics/stm32cubeide_1.9.0/stm32cubeide/plugins/com.st.stm32cube.ide.mcu.externaltools.gnu-tools-for-stm32.10.3-2021.10.win32_1.0.0.202111181127/tools/bin/../lib/gcc/arm-none-eabi/10.3.1/../../../../arm-none-eabi/lib/thumb/v7-m/nofp\libc_nano.a(lib_a-memset.o)
 .ARM.attributes
                0x00000000000003c2       0x2d e:/stmicroelectronics/stm32cubeide_1.9.0/stm32cubeide/plugins/com.st.stm32cube.ide.mcu.externaltools.gnu-tools-for-stm32.10.3-2021.10.win32_1.0.0.202111181127/tools/bin/../lib/gcc/arm-none-eabi/10.3.1/../../../../arm-none-eabi/lib/thumb/v7-m/nofp\libc_nano.a(lib_a-sprintf.o)
 .ARM.attributes
                0x00000000000003ef       0x2d e:/stmicroelectronics/stm32cubeide_1.9.0/stm32cubeide/plugins/com.st.stm32cube.ide.mcu.externaltools.gnu-tools-for-stm32.10.3-2021.10.win32_1.0.0.202111181127/tools/bin/../lib/gcc/arm-none-eabi/10.3.1/../../../../arm-none-eabi/lib/thumb/v7-m/nofp\libc_nano.a(lib_a-nano-svfprintf.o)
 .ARM.attributes
                0x000000000000041c       0x2d e:/stmicroelectronics/stm32cubeide_1.9.0/stm32cubeide/plugins/com.st.stm32cube.ide.mcu.externaltools.gnu-tools-for-stm32.10.3-2021.10.win32_1.0.0.202111181127/tools/bin/../lib/gcc/arm-none-eabi/10.3.1/../../../../arm-none-eabi/lib/thumb/v7-m/nofp\libc_nano.a(lib_a-nano-vfprintf_i.o)
 .ARM.attributes
                0x0000000000000449       0x2d e:/stmicroelectronics/stm32cubeide_1.9.0/stm32cubeide/plugins/com.st.stm32cube.ide.mcu.externaltools.gnu-tools-for-stm32.10.3-2021.10.win32_1.0.0.202111181127/tools/bin/../lib/gcc/arm-none-eabi/10.3.1/../../../../arm-none-eabi/lib/thumb/v7-m/nofp\libc_nano.a(lib_a-memchr-stub.o)
 .ARM.attributes
                0x0000000000000476       0x2d e:/stmicroelectronics/stm32cubeide_1.9.0/stm32cubeide/plugins/com.st.stm32cube.ide.mcu.externaltools.gnu-tools-for-stm32.10.3-2021.10.win32_1.0.0.202111181127/tools/bin/../lib/gcc/arm-none-eabi/10.3.1/../../../../arm-none-eabi/lib/thumb/v7-m/nofp\libc_nano.a(lib_a-memcpy-stub.o)
 .ARM.attributes
                0x00000000000004a3       0x2d e:/stmicroelectronics/stm32cubeide_1.9.0/stm32cubeide/plugins/com.st.stm32cube.ide.mcu.externaltools.gnu-tools-for-stm32.10.3-2021.10.win32_1.0.0.202111181127/tools/bin/../lib/gcc/arm-none-eabi/10.3.1/../../../../arm-none-eabi/lib/thumb/v7-m/nofp\libc_nano.a(lib_a-memmove.o)
 .ARM.attributes
                0x00000000000004d0       0x2d e:/stmicroelectronics/stm32cubeide_1.9.0/stm32cubeide/plugins/com.st.stm32cube.ide.mcu.externaltools.gnu-tools-for-stm32.10.3-2021.10.win32_1.0.0.202111181127/tools/bin/../lib/gcc/arm-none-eabi/10.3.1/../../../../arm-none-eabi/lib/thumb/v7-m/nofp\libc_nano.a(lib_a-nano-freer.o)
 .ARM.attributes
                0x00000000000004fd       0x2d e:/stmicroelectronics/stm32cubeide_1.9.0/stm32cubeide/plugins/com.st.stm32cube.ide.mcu.externaltools.gnu-tools-for-stm32.10.3-2021.10.win32_1.0.0.202111181127/tools/bin/../lib/gcc/arm-none-eabi/10.3.1/../../../../arm-none-eabi/lib/thumb/v7-m/nofp\libc_nano.a(lib_a-nano-mallocr.o)
 .ARM.attributes
                0x000000000000052a       0x2d e:/stmicroelectronics/stm32cubeide_1.9.0/stm32cubeide/plugins/com.st.stm32cube.ide.mcu.externaltools.gnu-tools-for-stm32.10.3-2021.10.win32_1.0.0.202111181127/tools/bin/../lib/gcc/arm-none-eabi/10.3.1/../../../../arm-none-eabi/lib/thumb/v7-m/nofp\libc_nano.a(lib_a-nano-reallocr.o)
 .ARM.attributes
                0x0000000000000557       0x2d e:/stmicroelectronics/stm32cubeide_1.9.0/stm32cubeide/plugins/com.st.stm32cube.ide.mcu.externaltools.gnu-tools-for-stm32.10.3-2021.10.win32_1.0.0.202111181127/tools/bin/../lib/gcc/arm-none-eabi/10.3.1/../../../../arm-none-eabi/lib/thumb/v7-m/nofp\libc_nano.a(lib_a-sbrkr.o)
 .ARM.attributes
                0x0000000000000584       0x2d e:/stmicroelectronics/stm32cubeide_1.9.0/stm32cubeide/plugins/com.st.stm32cube.ide.mcu.externaltools.gnu-tools-for-stm32.10.3-2021.10.win32_1.0.0.202111181127/tools/bin/../lib/gcc/arm-none-eabi/10.3.1/../../../../arm-none-eabi/lib/thumb/v7-m/nofp\libc_nano.a(lib_a-mlock.o)
 .ARM.attributes
                0x00000000000005b1       0x2d e:/stmicroelectronics/stm32cubeide_1.9.0/stm32cubeide/plugins/com.st.stm32cube.ide.mcu.externaltools.gnu-tools-for-stm32.10.3-2021.10.win32_1.0.0.202111181127/tools/bin/../lib/gcc/arm-none-eabi/10.3.1/../../../../arm-none-eabi/lib/thumb/v7-m/nofp\libc_nano.a(lib_a-nano-msizer.o)
 .ARM.attributes
                0x00000000000005de       0x2d e:/stmicroelectronics/stm32cubeide_1.9.0/stm32cubeide/plugins/com.st.stm32cube.ide.mcu.externaltools.gnu-tools-for-stm32.10.3-2021.10.win32_1.0.0.202111181127/tools/bin/../lib/gcc/arm-none-eabi/10.3.1/../../../../arm-none-eabi/lib/thumb/v7-m/nofp\libc_nano.a(lib_a-reent.o)
 .ARM.attributes
                0x000000000000060b       0x2d e:/stmicroelectronics/stm32cubeide_1.9.0/stm32cubeide/plugins/com.st.stm32cube.ide.mcu.externaltools.gnu-tools-for-stm32.10.3-2021.10.win32_1.0.0.202111181127/tools/bin/../lib/gcc/arm-none-eabi/10.3.1/../../../../arm-none-eabi/lib/thumb/v7-m/nofp\libc_nano.a(lib_a-lock.o)
 .ARM.attributes
                0x0000000000000638       0x1d e:/stmicroelectronics/stm32cubeide_1.9.0/stm32cubeide/plugins/com.st.stm32cube.ide.mcu.externaltools.gnu-tools-for-stm32.10.3-2021.10.win32_1.0.0.202111181127/tools/bin/../lib/gcc/arm-none-eabi/10.3.1/thumb/v7-m/nofp/crtn.o
OUTPUT(Lab5.elf elf32-littlearm)
LOAD linker stubs
LOAD e:/stmicroelectronics/stm32cubeide_1.9.0/stm32cubeide/plugins/com.st.stm32cube.ide.mcu.externaltools.gnu-tools-for-stm32.10.3-2021.10.win32_1.0.0.202111181127/tools/bin/../lib/gcc/arm-none-eabi/10.3.1/../../../../arm-none-eabi/lib/thumb/v7-m/nofp\libc.a
LOAD e:/stmicroelectronics/stm32cubeide_1.9.0/stm32cubeide/plugins/com.st.stm32cube.ide.mcu.externaltools.gnu-tools-for-stm32.10.3-2021.10.win32_1.0.0.202111181127/tools/bin/../lib/gcc/arm-none-eabi/10.3.1/../../../../arm-none-eabi/lib/thumb/v7-m/nofp\libm.a
LOAD e:/stmicroelectronics/stm32cubeide_1.9.0/stm32cubeide/plugins/com.st.stm32cube.ide.mcu.externaltools.gnu-tools-for-stm32.10.3-2021.10.win32_1.0.0.202111181127/tools/bin/../lib/gcc/arm-none-eabi/10.3.1/thumb/v7-m/nofp\libgcc.a

.debug_info     0x0000000000000000     0x7eb2
 .debug_info    0x0000000000000000      0x7a2 ./Core/Src/lcd.o
 .debug_info    0x00000000000007a2     0x11af ./Core/Src/main.o
 .debug_info    0x0000000000001951      0xafe ./Core/Src/stm32f1xx_hal_msp.o
 .debug_info    0x000000000000244f      0x22a ./Core/Src/stm32f1xx_it.o
 .debug_info    0x0000000000002679      0x171 ./Core/Src/sysmem.o
 .debug_info    0x00000000000027ea      0x23d ./Core/Src/system_stm32f1xx.o
 .debug_info    0x0000000000002a27       0x22 ./Core/Startup/startup_stm32f103vetx.o
 .debug_info    0x0000000000002a49      0x79a ./Drivers/STM32F1xx_HAL_Driver/Src/stm32f1xx_hal.o
 .debug_info    0x00000000000031e3      0xcd9 ./Drivers/STM32F1xx_HAL_Driver/Src/stm32f1xx_hal_adc.o
 .debug_info    0x0000000000003ebc      0xa8f ./Drivers/STM32F1xx_HAL_Driver/Src/stm32f1xx_hal_adc_ex.o
 .debug_info    0x000000000000494b      0xb86 ./Drivers/STM32F1xx_HAL_Driver/Src/stm32f1xx_hal_cortex.o
 .debug_info    0x00000000000054d1      0x615 ./Drivers/STM32F1xx_HAL_Driver/Src/stm32f1xx_hal_gpio.o
 .debug_info    0x0000000000005ae6      0x860 ./Drivers/STM32F1xx_HAL_Driver/Src/stm32f1xx_hal_rcc.o
 .debug_info    0x0000000000006346      0x409 ./Drivers/STM32F1xx_HAL_Driver/Src/stm32f1xx_hal_rcc_ex.o
 .debug_info    0x000000000000674f      0xd5b ./Drivers/STM32F1xx_HAL_Driver/Src/stm32f1xx_hal_sram.o
 .debug_info    0x00000000000074aa      0xa08 ./Drivers/STM32F1xx_HAL_Driver/Src/stm32f1xx_ll_fsmc.o

.debug_abbrev   0x0000000000000000     0x1c9e
 .debug_abbrev  0x0000000000000000      0x236 ./Core/Src/lcd.o
 .debug_abbrev  0x0000000000000236      0x2b0 ./Core/Src/main.o
 .debug_abbrev  0x00000000000004e6      0x1f3 ./Core/Src/stm32f1xx_hal_msp.o
 .debug_abbrev  0x00000000000006d9      0x11e ./Core/Src/stm32f1xx_it.o
 .debug_abbrev  0x00000000000007f7       0xbb ./Core/Src/sysmem.o
 .debug_abbrev  0x00000000000008b2      0x13b ./Core/Src/system_stm32f1xx.o
 .debug_abbrev  0x00000000000009ed       0x12 ./Core/Startup/startup_stm32f103vetx.o
 .debug_abbrev  0x00000000000009ff      0x1fb ./Drivers/STM32F1xx_HAL_Driver/Src/stm32f1xx_hal.o
 .debug_abbrev  0x0000000000000bfa      0x210 ./Drivers/STM32F1xx_HAL_Driver/Src/stm32f1xx_hal_adc.o
 .debug_abbrev  0x0000000000000e0a      0x234 ./Drivers/STM32F1xx_HAL_Driver/Src/stm32f1xx_hal_adc_ex.o
 .debug_abbrev  0x000000000000103e      0x2ed ./Drivers/STM32F1xx_HAL_Driver/Src/stm32f1xx_hal_cortex.o
 .debug_abbrev  0x000000000000132b      0x1bb ./Drivers/STM32F1xx_HAL_Driver/Src/stm32f1xx_hal_gpio.o
 .debug_abbrev  0x00000000000014e6      0x2a8 ./Drivers/STM32F1xx_HAL_Driver/Src/stm32f1xx_hal_rcc.o
 .debug_abbrev  0x000000000000178e      0x182 ./Drivers/STM32F1xx_HAL_Driver/Src/stm32f1xx_hal_rcc_ex.o
 .debug_abbrev  0x0000000000001910      0x1f8 ./Drivers/STM32F1xx_HAL_Driver/Src/stm32f1xx_hal_sram.o
 .debug_abbrev  0x0000000000001b08      0x196 ./Drivers/STM32F1xx_HAL_Driver/Src/stm32f1xx_ll_fsmc.o

.debug_aranges  0x0000000000000000      0x7e8
 .debug_aranges
                0x0000000000000000       0xa8 ./Core/Src/lcd.o
 .debug_aranges
                0x00000000000000a8       0x50 ./Core/Src/main.o
 .debug_aranges
                0x00000000000000f8       0x50 ./Core/Src/stm32f1xx_hal_msp.o
 .debug_aranges
                0x0000000000000148       0x68 ./Core/Src/stm32f1xx_it.o
 .debug_aranges
                0x00000000000001b0       0x20 ./Core/Src/sysmem.o
 .debug_aranges
                0x00000000000001d0       0x28 ./Core/Src/system_stm32f1xx.o
 .debug_aranges
                0x00000000000001f8       0x28 ./Core/Startup/startup_stm32f103vetx.o
 .debug_aranges
                0x0000000000000220       0xe0 ./Drivers/STM32F1xx_HAL_Driver/Src/stm32f1xx_hal.o
 .debug_aranges
                0x0000000000000300       0xf0 ./Drivers/STM32F1xx_HAL_Driver/Src/stm32f1xx_hal_adc.o
 .debug_aranges
                0x00000000000003f0       0x80 ./Drivers/STM32F1xx_HAL_Driver/Src/stm32f1xx_hal_adc_ex.o
 .debug_aranges
                0x0000000000000470      0x100 ./Drivers/STM32F1xx_HAL_Driver/Src/stm32f1xx_hal_cortex.o
 .debug_aranges
                0x0000000000000570       0x58 ./Drivers/STM32F1xx_HAL_Driver/Src/stm32f1xx_hal_gpio.o
 .debug_aranges
                0x00000000000005c8       0x90 ./Drivers/STM32F1xx_HAL_Driver/Src/stm32f1xx_hal_rcc.o
 .debug_aranges
                0x0000000000000658       0x30 ./Drivers/STM32F1xx_HAL_Driver/Src/stm32f1xx_hal_rcc_ex.o
 .debug_aranges
                0x0000000000000688       0xb8 ./Drivers/STM32F1xx_HAL_Driver/Src/stm32f1xx_hal_sram.o
 .debug_aranges
                0x0000000000000740       0xa8 ./Drivers/STM32F1xx_HAL_Driver/Src/stm32f1xx_ll_fsmc.o

.debug_ranges   0x0000000000000000      0x6f0
 .debug_ranges  0x0000000000000000       0x98 ./Core/Src/lcd.o
 .debug_ranges  0x0000000000000098       0x40 ./Core/Src/main.o
 .debug_ranges  0x00000000000000d8       0x40 ./Core/Src/stm32f1xx_hal_msp.o
 .debug_ranges  0x0000000000000118       0x58 ./Core/Src/stm32f1xx_it.o
 .debug_ranges  0x0000000000000170       0x10 ./Core/Src/sysmem.o
 .debug_ranges  0x0000000000000180       0x18 ./Core/Src/system_stm32f1xx.o
 .debug_ranges  0x0000000000000198       0x20 ./Core/Startup/startup_stm32f103vetx.o
 .debug_ranges  0x00000000000001b8       0xd0 ./Drivers/STM32F1xx_HAL_Driver/Src/stm32f1xx_hal.o
 .debug_ranges  0x0000000000000288       0xe0 ./Drivers/STM32F1xx_HAL_Driver/Src/stm32f1xx_hal_adc.o
 .debug_ranges  0x0000000000000368       0x70 ./Drivers/STM32F1xx_HAL_Driver/Src/stm32f1xx_hal_adc_ex.o
 .debug_ranges  0x00000000000003d8       0xf0 ./Drivers/STM32F1xx_HAL_Driver/Src/stm32f1xx_hal_cortex.o
 .debug_ranges  0x00000000000004c8       0x48 ./Drivers/STM32F1xx_HAL_Driver/Src/stm32f1xx_hal_gpio.o
 .debug_ranges  0x0000000000000510       0x80 ./Drivers/STM32F1xx_HAL_Driver/Src/stm32f1xx_hal_rcc.o
 .debug_ranges  0x0000000000000590       0x20 ./Drivers/STM32F1xx_HAL_Driver/Src/stm32f1xx_hal_rcc_ex.o
 .debug_ranges  0x00000000000005b0       0xa8 ./Drivers/STM32F1xx_HAL_Driver/Src/stm32f1xx_hal_sram.o
 .debug_ranges  0x0000000000000658       0x98 ./Drivers/STM32F1xx_HAL_Driver/Src/stm32f1xx_ll_fsmc.o

.debug_macro    0x0000000000000000    0x19fed
 .debug_macro   0x0000000000000000      0x1cb ./Core/Src/lcd.o
 .debug_macro   0x00000000000001cb      0xa6c ./Core/Src/lcd.o
 .debug_macro   0x0000000000000c37      0x21b ./Core/Src/lcd.o
 .debug_macro   0x0000000000000e52       0x2e ./Core/Src/lcd.o
 .debug_macro   0x0000000000000e80       0x22 ./Core/Src/lcd.o
 .debug_macro   0x0000000000000ea2       0x22 ./Core/Src/lcd.o
 .debug_macro   0x0000000000000ec4       0x8e ./Core/Src/lcd.o
 .debug_macro   0x0000000000000f52       0x51 ./Core/Src/lcd.o
 .debug_macro   0x0000000000000fa3      0x103 ./Core/Src/lcd.o
 .debug_macro   0x00000000000010a6       0x6a ./Core/Src/lcd.o
 .debug_macro   0x0000000000001110      0x1df ./Core/Src/lcd.o
 .debug_macro   0x00000000000012ef       0x1c ./Core/Src/lcd.o
 .debug_macro   0x000000000000130b       0x22 ./Core/Src/lcd.o
 .debug_macro   0x000000000000132d       0xbd ./Core/Src/lcd.o
 .debug_macro   0x00000000000013ea      0xd23 ./Core/Src/lcd.o
 .debug_macro   0x000000000000210d     0xfd8c ./Core/Src/lcd.o
 .debug_macro   0x0000000000011e99       0x6d ./Core/Src/lcd.o
 .debug_macro   0x0000000000011f06     0x3468 ./Core/Src/lcd.o
 .debug_macro   0x000000000001536e      0x174 ./Core/Src/lcd.o
 .debug_macro   0x00000000000154e2       0x5c ./Core/Src/lcd.o
 .debug_macro   0x000000000001553e      0x5be ./Core/Src/lcd.o
 .debug_macro   0x0000000000015afc      0x4d5 ./Core/Src/lcd.o
 .debug_macro   0x0000000000015fd1      0x1cb ./Core/Src/lcd.o
 .debug_macro   0x000000000001619c      0x114 ./Core/Src/lcd.o
 .debug_macro   0x00000000000162b0      0x1ea ./Core/Src/lcd.o
 .debug_macro   0x000000000001649a       0x27 ./Core/Src/lcd.o
 .debug_macro   0x00000000000164c1      0x144 ./Core/Src/lcd.o
 .debug_macro   0x0000000000016605      0x1bc ./Core/Src/lcd.o
 .debug_macro   0x00000000000167c1       0x30 ./Core/Src/lcd.o
 .debug_macro   0x00000000000167f1       0x3c ./Core/Src/lcd.o
 .debug_macro   0x000000000001682d       0x57 ./Core/Src/lcd.o
 .debug_macro   0x0000000000016884      0x46a ./Core/Src/lcd.o
 .debug_macro   0x0000000000016cee      0x25d ./Core/Src/lcd.o
 .debug_macro   0x0000000000016f4b       0x88 ./Core/Src/lcd.o
 .debug_macro   0x0000000000016fd3      0x24f ./Core/Src/lcd.o
 .debug_macro   0x0000000000017222      0x356 ./Core/Src/lcd.o
 .debug_macro   0x0000000000017578      0x141 ./Core/Src/lcd.o
 .debug_macro   0x00000000000176b9       0xb5 ./Core/Src/lcd.o
 .debug_macro   0x000000000001776e       0xd0 ./Core/Src/lcd.o
 .debug_macro   0x000000000001783e      0x329 ./Core/Src/main.o
 .debug_macro   0x0000000000017b67       0x40 ./Core/Src/main.o
 .debug_macro   0x0000000000017ba7       0xd6 ./Core/Src/main.o
 .debug_macro   0x0000000000017c7d       0x52 ./Core/Src/main.o
 .debug_macro   0x0000000000017ccf       0x18 ./Core/Src/main.o
 .debug_macro   0x0000000000017ce7       0x3c ./Core/Src/main.o
 .debug_macro   0x0000000000017d23       0x34 ./Core/Src/main.o
 .debug_macro   0x0000000000017d57       0x16 ./Core/Src/main.o
 .debug_macro   0x0000000000017d6d       0x35 ./Core/Src/main.o
 .debug_macro   0x0000000000017da2      0x341 ./Core/Src/main.o
 .debug_macro   0x00000000000180e3       0x10 ./Core/Src/main.o
 .debug_macro   0x00000000000180f3       0x16 ./Core/Src/main.o
 .debug_macro   0x0000000000018109       0x43 ./Core/Src/main.o
 .debug_macro   0x000000000001814c       0x34 ./Core/Src/main.o
 .debug_macro   0x0000000000018180       0x10 ./Core/Src/main.o
 .debug_macro   0x0000000000018190       0x58 ./Core/Src/main.o
 .debug_macro   0x00000000000181e8       0x71 ./Core/Src/main.o
 .debug_macro   0x0000000000018259       0x1c ./Core/Src/main.o
 .debug_macro   0x0000000000018275      0x12a ./Core/Src/main.o
 .debug_macro   0x000000000001839f       0x10 ./Core/Src/main.o
 .debug_macro   0x00000000000183af       0x1c ./Core/Src/main.o
 .debug_macro   0x00000000000183cb       0x52 ./Core/Src/main.o
 .debug_macro   0x000000000001841d       0x22 ./Core/Src/main.o
 .debug_macro   0x000000000001843f       0x10 ./Core/Src/main.o
 .debug_macro   0x000000000001844f       0x52 ./Core/Src/main.o
 .debug_macro   0x00000000000184a1       0xd5 ./Core/Src/main.o
 .debug_macro   0x0000000000018576       0x1c ./Core/Src/main.o
 .debug_macro   0x0000000000018592       0x3d ./Core/Src/main.o
 .debug_macro   0x00000000000185cf       0x16 ./Core/Src/main.o
 .debug_macro   0x00000000000185e5      0x145 ./Core/Src/main.o
 .debug_macro   0x000000000001872a      0x1c1 ./Core/Src/stm32f1xx_hal_msp.o
 .debug_macro   0x00000000000188eb      0x1cb ./Core/Src/stm32f1xx_it.o
 .debug_macro   0x0000000000018ab6       0xff ./Core/Src/sysmem.o
 .debug_macro   0x0000000000018bb5      0x23b ./Core/Src/sysmem.o
 .debug_macro   0x0000000000018df0      0x1b2 ./Core/Src/system_stm32f1xx.o
 .debug_macro   0x0000000000018fa2      0x1d6 ./Drivers/STM32F1xx_HAL_Driver/Src/stm32f1xx_hal.o
 .debug_macro   0x0000000000019178      0x1cf ./Drivers/STM32F1xx_HAL_Driver/Src/stm32f1xx_hal_adc.o
 .debug_macro   0x0000000000019347      0x1c4 ./Drivers/STM32F1xx_HAL_Driver/Src/stm32f1xx_hal_adc_ex.o
 .debug_macro   0x000000000001950b      0x1b2 ./Drivers/STM32F1xx_HAL_Driver/Src/stm32f1xx_hal_cortex.o
 .debug_macro   0x00000000000196bd      0x21d ./Drivers/STM32F1xx_HAL_Driver/Src/stm32f1xx_hal_gpio.o
 .debug_macro   0x00000000000198da      0x1c4 ./Drivers/STM32F1xx_HAL_Driver/Src/stm32f1xx_hal_rcc.o
 .debug_macro   0x0000000000019a9e      0x1b2 ./Drivers/STM32F1xx_HAL_Driver/Src/stm32f1xx_hal_rcc_ex.o
 .debug_macro   0x0000000000019c50      0x1b2 ./Drivers/STM32F1xx_HAL_Driver/Src/stm32f1xx_hal_sram.o
 .debug_macro   0x0000000000019e02      0x1eb ./Drivers/STM32F1xx_HAL_Driver/Src/stm32f1xx_ll_fsmc.o

.debug_line     0x0000000000000000     0x9b88
 .debug_line    0x0000000000000000      0xada ./Core/Src/lcd.o
 .debug_line    0x0000000000000ada      0xaea ./Core/Src/main.o
 .debug_line    0x00000000000015c4      0x7d7 ./Core/Src/stm32f1xx_hal_msp.o
 .debug_line    0x0000000000001d9b      0x7ac ./Core/Src/stm32f1xx_it.o
 .debug_line    0x0000000000002547      0x535 ./Core/Src/sysmem.o
 .debug_line    0x0000000000002a7c      0x743 ./Core/Src/system_stm32f1xx.o
 .debug_line    0x00000000000031bf       0x87 ./Core/Startup/startup_stm32f103vetx.o
 .debug_line    0x0000000000003246      0x970 ./Drivers/STM32F1xx_HAL_Driver/Src/stm32f1xx_hal.o
 .debug_line    0x0000000000003bb6      0xffd ./Drivers/STM32F1xx_HAL_Driver/Src/stm32f1xx_hal_adc.o
 .debug_line    0x0000000000004bb3      0xd50 ./Drivers/STM32F1xx_HAL_Driver/Src/stm32f1xx_hal_adc_ex.o
 .debug_line    0x0000000000005903      0xb58 ./Drivers/STM32F1xx_HAL_Driver/Src/stm32f1xx_hal_cortex.o
 .debug_line    0x000000000000645b      0xa2f ./Drivers/STM32F1xx_HAL_Driver/Src/stm32f1xx_hal_gpio.o
 .debug_line    0x0000000000006e8a      0xd7e ./Drivers/STM32F1xx_HAL_Driver/Src/stm32f1xx_hal_rcc.o
 .debug_line    0x0000000000007c08      0x8cf ./Drivers/STM32F1xx_HAL_Driver/Src/stm32f1xx_hal_rcc_ex.o
 .debug_line    0x00000000000084d7      0xce3 ./Drivers/STM32F1xx_HAL_Driver/Src/stm32f1xx_hal_sram.o
 .debug_line    0x00000000000091ba      0x9ce ./Drivers/STM32F1xx_HAL_Driver/Src/stm32f1xx_ll_fsmc.o

.debug_str      0x0000000000000000    0x9724c
 .debug_str     0x0000000000000000    0x90588 ./Core/Src/lcd.o
                                      0x909ac (size before relaxing)
 .debug_str     0x0000000000090588     0x49c8 ./Core/Src/main.o
                                      0x952dd (size before relaxing)
 .debug_str     0x0000000000094f50       0xd5 ./Core/Src/stm32f1xx_hal_msp.o
                                      0x90aba (size before relaxing)
 .debug_str     0x0000000000095025      0x12b ./Core/Src/stm32f1xx_it.o
                                      0x905ae (size before relaxing)
 .debug_str     0x0000000000095150      0x4da ./Core/Src/sysmem.o
                                       0x5d3d (size before relaxing)
 .debug_str     0x000000000009562a       0x7e ./Core/Src/system_stm32f1xx.o
                                      0x90466 (size before relaxing)
 .debug_str     0x00000000000956a8       0x36 ./Core/Startup/startup_stm32f103vetx.o
                                         0x57 (size before relaxing)
 .debug_str     0x00000000000956de      0x384 ./Drivers/STM32F1xx_HAL_Driver/Src/stm32f1xx_hal.o
                                      0x90c7d (size before relaxing)
 .debug_str     0x0000000000095a62      0x367 ./Drivers/STM32F1xx_HAL_Driver/Src/stm32f1xx_hal_adc.o
                                      0x90b43 (size before relaxing)
 .debug_str     0x0000000000095dc9      0x2bc ./Drivers/STM32F1xx_HAL_Driver/Src/stm32f1xx_hal_adc_ex.o
                                      0x90b1a (size before relaxing)
 .debug_str     0x0000000000096085      0x29e ./Drivers/STM32F1xx_HAL_Driver/Src/stm32f1xx_hal_cortex.o
                                      0x90bc9 (size before relaxing)
 .debug_str     0x0000000000096323      0x299 ./Drivers/STM32F1xx_HAL_Driver/Src/stm32f1xx_hal_gpio.o
                                      0x907ec (size before relaxing)
 .debug_str     0x00000000000965bc      0x229 ./Drivers/STM32F1xx_HAL_Driver/Src/stm32f1xx_hal_rcc.o
                                      0x90895 (size before relaxing)
 .debug_str     0x00000000000967e5       0x84 ./Drivers/STM32F1xx_HAL_Driver/Src/stm32f1xx_hal_rcc_ex.o
                                      0x90623 (size before relaxing)
 .debug_str     0x0000000000096869      0x29c ./Drivers/STM32F1xx_HAL_Driver/Src/stm32f1xx_hal_sram.o
                                      0x90ae9 (size before relaxing)
 .debug_str     0x0000000000096b05      0x747 ./Drivers/STM32F1xx_HAL_Driver/Src/stm32f1xx_ll_fsmc.o
                                      0x90dcb (size before relaxing)

.comment        0x0000000000000000       0x50
 .comment       0x0000000000000000       0x50 ./Core/Src/lcd.o
                                         0x51 (size before relaxing)
 .comment       0x0000000000000050       0x51 ./Core/Src/main.o
 .comment       0x0000000000000050       0x51 ./Core/Src/stm32f1xx_hal_msp.o
 .comment       0x0000000000000050       0x51 ./Core/Src/stm32f1xx_it.o
 .comment       0x0000000000000050       0x51 ./Core/Src/sysmem.o
 .comment       0x0000000000000050       0x51 ./Core/Src/system_stm32f1xx.o
 .comment       0x0000000000000050       0x51 ./Drivers/STM32F1xx_HAL_Driver/Src/stm32f1xx_hal.o
 .comment       0x0000000000000050       0x51 ./Drivers/STM32F1xx_HAL_Driver/Src/stm32f1xx_hal_adc.o
 .comment       0x0000000000000050       0x51 ./Drivers/STM32F1xx_HAL_Driver/Src/stm32f1xx_hal_adc_ex.o
 .comment       0x0000000000000050       0x51 ./Drivers/STM32F1xx_HAL_Driver/Src/stm32f1xx_hal_cortex.o
 .comment       0x0000000000000050       0x51 ./Drivers/STM32F1xx_HAL_Driver/Src/stm32f1xx_hal_gpio.o
 .comment       0x0000000000000050       0x51 ./Drivers/STM32F1xx_HAL_Driver/Src/stm32f1xx_hal_rcc.o
 .comment       0x0000000000000050       0x51 ./Drivers/STM32F1xx_HAL_Driver/Src/stm32f1xx_hal_rcc_ex.o
 .comment       0x0000000000000050       0x51 ./Drivers/STM32F1xx_HAL_Driver/Src/stm32f1xx_hal_sram.o
 .comment       0x0000000000000050       0x51 ./Drivers/STM32F1xx_HAL_Driver/Src/stm32f1xx_ll_fsmc.o

.debug_frame    0x0000000000000000     0x2218
 .debug_frame   0x0000000000000000      0x2a4 ./Core/Src/lcd.o
 .debug_frame   0x00000000000002a4       0xfc ./Core/Src/main.o
 .debug_frame   0x00000000000003a0      0x108 ./Core/Src/stm32f1xx_hal_msp.o
 .debug_frame   0x00000000000004a8      0x120 ./Core/Src/stm32f1xx_it.o
 .debug_frame   0x00000000000005c8       0x34 ./Core/Src/sysmem.o
 .debug_frame   0x00000000000005fc       0x58 ./Core/Src/system_stm32f1xx.o
 .debug_frame   0x0000000000000654      0x334 ./Drivers/STM32F1xx_HAL_Driver/Src/stm32f1xx_hal.o
 .debug_frame   0x0000000000000988      0x40c ./Drivers/STM32F1xx_HAL_Driver/Src/stm32f1xx_hal_adc.o
 .debug_frame   0x0000000000000d94      0x200 ./Drivers/STM32F1xx_HAL_Driver/Src/stm32f1xx_hal_adc_ex.o
 .debug_frame   0x0000000000000f94      0x428 ./Drivers/STM32F1xx_HAL_Driver/Src/stm32f1xx_hal_cortex.o
 .debug_frame   0x00000000000013bc      0x14c ./Drivers/STM32F1xx_HAL_Driver/Src/stm32f1xx_hal_gpio.o
 .debug_frame   0x0000000000001508      0x21c ./Drivers/STM32F1xx_HAL_Driver/Src/stm32f1xx_hal_rcc.o
 .debug_frame   0x0000000000001724       0x84 ./Drivers/STM32F1xx_HAL_Driver/Src/stm32f1xx_hal_rcc_ex.o
 .debug_frame   0x00000000000017a8      0x30c ./Drivers/STM32F1xx_HAL_Driver/Src/stm32f1xx_hal_sram.o
 .debug_frame   0x0000000000001ab4      0x2dc ./Drivers/STM32F1xx_HAL_Driver/Src/stm32f1xx_ll_fsmc.o
 .debug_frame   0x0000000000001d90       0x20 e:/stmicroelectronics/stm32cubeide_1.9.0/stm32cubeide/plugins/com.st.stm32cube.ide.mcu.externaltools.gnu-tools-for-stm32.10.3-2021.10.win32_1.0.0.202111181127/tools/bin/../lib/gcc/arm-none-eabi/10.3.1/../../../../arm-none-eabi/lib/thumb/v7-m/nofp\libc_nano.a(lib_a-errno.o)
 .debug_frame   0x0000000000001db0       0x2c e:/stmicroelectronics/stm32cubeide_1.9.0/stm32cubeide/plugins/com.st.stm32cube.ide.mcu.externaltools.gnu-tools-for-stm32.10.3-2021.10.win32_1.0.0.202111181127/tools/bin/../lib/gcc/arm-none-eabi/10.3.1/../../../../arm-none-eabi/lib/thumb/v7-m/nofp\libc_nano.a(lib_a-init.o)
 .debug_frame   0x0000000000001ddc       0x20 e:/stmicroelectronics/stm32cubeide_1.9.0/stm32cubeide/plugins/com.st.stm32cube.ide.mcu.externaltools.gnu-tools-for-stm32.10.3-2021.10.win32_1.0.0.202111181127/tools/bin/../lib/gcc/arm-none-eabi/10.3.1/../../../../arm-none-eabi/lib/thumb/v7-m/nofp\libc_nano.a(lib_a-memset.o)
 .debug_frame   0x0000000000001dfc       0x6c e:/stmicroelectronics/stm32cubeide_1.9.0/stm32cubeide/plugins/com.st.stm32cube.ide.mcu.externaltools.gnu-tools-for-stm32.10.3-2021.10.win32_1.0.0.202111181127/tools/bin/../lib/gcc/arm-none-eabi/10.3.1/../../../../arm-none-eabi/lib/thumb/v7-m/nofp\libc_nano.a(lib_a-sprintf.o)
 .debug_frame   0x0000000000001e68       0x90 e:/stmicroelectronics/stm32cubeide_1.9.0/stm32cubeide/plugins/com.st.stm32cube.ide.mcu.externaltools.gnu-tools-for-stm32.10.3-2021.10.win32_1.0.0.202111181127/tools/bin/../lib/gcc/arm-none-eabi/10.3.1/../../../../arm-none-eabi/lib/thumb/v7-m/nofp\libc_nano.a(lib_a-nano-svfprintf.o)
 .debug_frame   0x0000000000001ef8       0x60 e:/stmicroelectronics/stm32cubeide_1.9.0/stm32cubeide/plugins/com.st.stm32cube.ide.mcu.externaltools.gnu-tools-for-stm32.10.3-2021.10.win32_1.0.0.202111181127/tools/bin/../lib/gcc/arm-none-eabi/10.3.1/../../../../arm-none-eabi/lib/thumb/v7-m/nofp\libc_nano.a(lib_a-nano-vfprintf_i.o)
 .debug_frame   0x0000000000001f58       0x28 e:/stmicroelectronics/stm32cubeide_1.9.0/stm32cubeide/plugins/com.st.stm32cube.ide.mcu.externaltools.gnu-tools-for-stm32.10.3-2021.10.win32_1.0.0.202111181127/tools/bin/../lib/gcc/arm-none-eabi/10.3.1/../../../../arm-none-eabi/lib/thumb/v7-m/nofp\libc_nano.a(lib_a-memchr-stub.o)
 .debug_frame   0x0000000000001f80       0x28 e:/stmicroelectronics/stm32cubeide_1.9.0/stm32cubeide/plugins/com.st.stm32cube.ide.mcu.externaltools.gnu-tools-for-stm32.10.3-2021.10.win32_1.0.0.202111181127/tools/bin/../lib/gcc/arm-none-eabi/10.3.1/../../../../arm-none-eabi/lib/thumb/v7-m/nofp\libc_nano.a(lib_a-memcpy-stub.o)
 .debug_frame   0x0000000000001fa8       0x28 e:/stmicroelectronics/stm32cubeide_1.9.0/stm32cubeide/plugins/com.st.stm32cube.ide.mcu.externaltools.gnu-tools-for-stm32.10.3-2021.10.win32_1.0.0.202111181127/tools/bin/../lib/gcc/arm-none-eabi/10.3.1/../../../../arm-none-eabi/lib/thumb/v7-m/nofp\libc_nano.a(lib_a-memmove.o)
 .debug_frame   0x0000000000001fd0       0x38 e:/stmicroelectronics/stm32cubeide_1.9.0/stm32cubeide/plugins/com.st.stm32cube.ide.mcu.externaltools.gnu-tools-for-stm32.10.3-2021.10.win32_1.0.0.202111181127/tools/bin/../lib/gcc/arm-none-eabi/10.3.1/../../../../arm-none-eabi/lib/thumb/v7-m/nofp\libc_nano.a(lib_a-nano-freer.o)
 .debug_frame   0x0000000000002008       0x4c e:/stmicroelectronics/stm32cubeide_1.9.0/stm32cubeide/plugins/com.st.stm32cube.ide.mcu.externaltools.gnu-tools-for-stm32.10.3-2021.10.win32_1.0.0.202111181127/tools/bin/../lib/gcc/arm-none-eabi/10.3.1/../../../../arm-none-eabi/lib/thumb/v7-m/nofp\libc_nano.a(lib_a-nano-mallocr.o)
 .debug_frame   0x0000000000002054       0x3c e:/stmicroelectronics/stm32cubeide_1.9.0/stm32cubeide/plugins/com.st.stm32cube.ide.mcu.externaltools.gnu-tools-for-stm32.10.3-2021.10.win32_1.0.0.202111181127/tools/bin/../lib/gcc/arm-none-eabi/10.3.1/../../../../arm-none-eabi/lib/thumb/v7-m/nofp\libc_nano.a(lib_a-nano-reallocr.o)
 .debug_frame   0x0000000000002090       0x2c e:/stmicroelectronics/stm32cubeide_1.9.0/stm32cubeide/plugins/com.st.stm32cube.ide.mcu.externaltools.gnu-tools-for-stm32.10.3-2021.10.win32_1.0.0.202111181127/tools/bin/../lib/gcc/arm-none-eabi/10.3.1/../../../../arm-none-eabi/lib/thumb/v7-m/nofp\libc_nano.a(lib_a-sbrkr.o)
 .debug_frame   0x00000000000020bc       0x30 e:/stmicroelectronics/stm32cubeide_1.9.0/stm32cubeide/plugins/com.st.stm32cube.ide.mcu.externaltools.gnu-tools-for-stm32.10.3-2021.10.win32_1.0.0.202111181127/tools/bin/../lib/gcc/arm-none-eabi/10.3.1/../../../../arm-none-eabi/lib/thumb/v7-m/nofp\libc_nano.a(lib_a-mlock.o)
 .debug_frame   0x00000000000020ec       0x20 e:/stmicroelectronics/stm32cubeide_1.9.0/stm32cubeide/plugins/com.st.stm32cube.ide.mcu.externaltools.gnu-tools-for-stm32.10.3-2021.10.win32_1.0.0.202111181127/tools/bin/../lib/gcc/arm-none-eabi/10.3.1/../../../../arm-none-eabi/lib/thumb/v7-m/nofp\libc_nano.a(lib_a-nano-msizer.o)
 .debug_frame   0x000000000000210c       0x5c e:/stmicroelectronics/stm32cubeide_1.9.0/stm32cubeide/plugins/com.st.stm32cube.ide.mcu.externaltools.gnu-tools-for-stm32.10.3-2021.10.win32_1.0.0.202111181127/tools/bin/../lib/gcc/arm-none-eabi/10.3.1/../../../../arm-none-eabi/lib/thumb/v7-m/nofp\libc_nano.a(lib_a-reent.o)
 .debug_frame   0x0000000000002168       0xb0 e:/stmicroelectronics/stm32cubeide_1.9.0/stm32cubeide/plugins/com.st.stm32cube.ide.mcu.externaltools.gnu-tools-for-stm32.10.3-2021.10.win32_1.0.0.202111181127/tools/bin/../lib/gcc/arm-none-eabi/10.3.1/../../../../arm-none-eabi/lib/thumb/v7-m/nofp\libc_nano.a(lib_a-lock.o)
